Component: ARM Compiler 5.06 update 6 (build 750) Tool: armlink [4d35ed]

==============================================================================

Section Cross References

    startup_stm32f427xx.o(RESET) refers to startup_stm32f427xx.o(STACK) for __initial_sp
    startup_stm32f427xx.o(RESET) refers to startup_stm32f427xx.o(.text) for Reset_Handler
    startup_stm32f427xx.o(RESET) refers to stm32f4xx_it.o(i.NMI_Handler) for NMI_Handler
    startup_stm32f427xx.o(RESET) refers to stm32f4xx_it.o(i.HardFault_Handler) for HardFault_Handler
    startup_stm32f427xx.o(RESET) refers to stm32f4xx_it.o(i.MemManage_Handler) for MemManage_Handler
    startup_stm32f427xx.o(RESET) refers to stm32f4xx_it.o(i.BusFault_Handler) for BusFault_Handler
    startup_stm32f427xx.o(RESET) refers to stm32f4xx_it.o(i.UsageFault_Handler) for UsageFault_Handler
    startup_stm32f427xx.o(RESET) refers to port.o(.emb_text) for SVC_Handler
    startup_stm32f427xx.o(RESET) refers to stm32f4xx_it.o(i.DebugMon_Handler) for DebugMon_Handler
    startup_stm32f427xx.o(RESET) refers to port.o(i.SysTick_Handler) for SysTick_Handler
    startup_stm32f427xx.o(RESET) refers to stm32f4xx_it.o(i.DMA1_Stream3_IRQHandler) for DMA1_Stream3_IRQHandler
    startup_stm32f427xx.o(RESET) refers to stm32f4xx_it.o(i.CAN1_RX0_IRQHandler) for CAN1_RX0_IRQHandler
    startup_stm32f427xx.o(RESET) refers to stm32f4xx_it.o(i.EXTI9_5_IRQHandler) for EXTI9_5_IRQHandler
    startup_stm32f427xx.o(RESET) refers to stm32f4xx_it.o(i.TIM1_UP_TIM10_IRQHandler) for TIM1_UP_TIM10_IRQHandler
    startup_stm32f427xx.o(RESET) refers to stm32f4xx_it.o(i.TIM3_IRQHandler) for TIM3_IRQHandler
    startup_stm32f427xx.o(RESET) refers to stm32f4xx_it.o(i.USART1_IRQHandler) for USART1_IRQHandler
    startup_stm32f427xx.o(RESET) refers to stm32f4xx_it.o(i.USART2_IRQHandler) for USART2_IRQHandler
    startup_stm32f427xx.o(RESET) refers to stm32f4xx_it.o(i.DMA2_Stream1_IRQHandler) for DMA2_Stream1_IRQHandler
    startup_stm32f427xx.o(RESET) refers to stm32f4xx_it.o(i.DMA2_Stream2_IRQHandler) for DMA2_Stream2_IRQHandler
    startup_stm32f427xx.o(RESET) refers to stm32f4xx_it.o(i.CAN2_RX0_IRQHandler) for CAN2_RX0_IRQHandler
    startup_stm32f427xx.o(RESET) refers to stm32f4xx_it.o(i.USART6_IRQHandler) for USART6_IRQHandler
    startup_stm32f427xx.o(RESET) refers to stm32f4xx_it.o(i.UART7_IRQHandler) for UART7_IRQHandler
    startup_stm32f427xx.o(RESET) refers to stm32f4xx_it.o(i.UART8_IRQHandler) for UART8_IRQHandler
    startup_stm32f427xx.o(.text) refers to system_stm32f4xx.o(i.SystemInit) for SystemInit
    startup_stm32f427xx.o(.text) refers to entry.o(.ARM.Collect$$$$00000000) for __main
    main.o(i.SystemClock_Config) refers to memseta.o(.text) for __aeabi_memclr4
    main.o(i.SystemClock_Config) refers to stm32f4xx_hal_rcc.o(i.HAL_RCC_OscConfig) for HAL_RCC_OscConfig
    main.o(i.SystemClock_Config) refers to stm32f4xx_hal_rcc.o(i.HAL_RCC_ClockConfig) for HAL_RCC_ClockConfig
    main.o(i.main) refers to stm32f4xx_hal.o(i.HAL_Init) for HAL_Init
    main.o(i.main) refers to main.o(i.SystemClock_Config) for SystemClock_Config
    main.o(i.main) refers to port.o(i.vPortEnterCritical) for vPortEnterCritical
    main.o(i.main) refers to gpio.o(i.MX_GPIO_Init) for MX_GPIO_Init
    main.o(i.main) refers to dma.o(i.MX_DMA_Init) for MX_DMA_Init
    main.o(i.main) refers to can.o(i.MX_CAN1_Init) for MX_CAN1_Init
    main.o(i.main) refers to can.o(i.MX_CAN2_Init) for MX_CAN2_Init
    main.o(i.main) refers to spi.o(i.MX_SPI5_Init) for MX_SPI5_Init
    main.o(i.main) refers to tim.o(i.MX_TIM2_Init) for MX_TIM2_Init
    main.o(i.main) refers to tim.o(i.MX_TIM3_Init) for MX_TIM3_Init
    main.o(i.main) refers to tim.o(i.MX_TIM4_Init) for MX_TIM4_Init
    main.o(i.main) refers to tim.o(i.MX_TIM5_Init) for MX_TIM5_Init
    main.o(i.main) refers to usart.o(i.MX_UART7_Init) for MX_UART7_Init
    main.o(i.main) refers to usart.o(i.MX_UART8_Init) for MX_UART8_Init
    main.o(i.main) refers to usart.o(i.MX_USART1_UART_Init) for MX_USART1_UART_Init
    main.o(i.main) refers to usart.o(i.MX_USART2_UART_Init) for MX_USART2_UART_Init
    main.o(i.main) refers to usart.o(i.MX_USART6_UART_Init) for MX_USART6_UART_Init
    main.o(i.main) refers to bsp.o(i.BSP_Init) for BSP_Init
    main.o(i.main) refers to freertos.o(i.MX_FREERTOS_Init) for MX_FREERTOS_Init
    main.o(i.main) refers to port.o(i.vPortExitCritical) for vPortExitCritical
    main.o(i.main) refers to cmsis_os.o(i.osKernelStart) for osKernelStart
    gpio.o(i.MX_GPIO_Init) refers to memseta.o(.text) for __aeabi_memclr4
    gpio.o(i.MX_GPIO_Init) refers to stm32f4xx_hal_gpio.o(i.HAL_GPIO_WritePin) for HAL_GPIO_WritePin
    gpio.o(i.MX_GPIO_Init) refers to stm32f4xx_hal_gpio.o(i.HAL_GPIO_Init) for HAL_GPIO_Init
    gpio.o(i.MX_GPIO_Init) refers to stm32f4xx_hal_cortex.o(i.HAL_NVIC_SetPriority) for HAL_NVIC_SetPriority
    gpio.o(i.MX_GPIO_Init) refers to stm32f4xx_hal_cortex.o(i.HAL_NVIC_EnableIRQ) for HAL_NVIC_EnableIRQ
[...]
    chassis_current_value                    0x2000012c   Data           4  chassis_control_task.o(.data)
    .bss                                     0x20000130   Section       80  can.o(.bss)
    .bss                                     0x20000180   Section      596  freertos.o(.bss)
    xIdleTaskTCBBuffer                       0x20000180   Data          84  freertos.o(.bss)
    xIdleStack                               0x200001d4   Data         512  freertos.o(.bss)
    .bss                                     0x200003d4   Section       88  spi.o(.bss)
    .bss                                     0x2000042c   Section      256  tim.o(.bss)
    .bss                                     0x2000052c   Section      608  usart.o(.bss)
    .bss                                     0x2000078c   Section       64  stm32f4xx_hal_timebase_tim.o(.bss)
    .bss                                     0x200007cc   Section      240  tasks.o(.bss)
    pxReadyTasksLists                        0x200007cc   Data         140  tasks.o(.bss)
    xDelayedTaskList1                        0x20000858   Data          20  tasks.o(.bss)
    xDelayedTaskList2                        0x2000086c   Data          20  tasks.o(.bss)
    xPendingReadyList                        0x20000880   Data          20  tasks.o(.bss)
    xTasksWaitingTermination                 0x20000894   Data          20  tasks.o(.bss)
    xSuspendedTaskList                       0x200008a8   Data          20  tasks.o(.bss)
    .bss                                     0x200008bc   Section    15360  heap_4.o(.bss)
    ucHeap                                   0x200008bc   Data       15360  heap_4.o(.bss)
    .bss                                     0x200044bc   Section      840  pid.o(.bss)
    .bss                                     0x20004804   Section       98  imu.o(.bss)
    .bss                                     0x20004868   Section       76  offline_check.o(.bss)
    .bss                                     0x200048b4   Section      388  motor_use_can.o(.bss)
    Gimbal_TX_Message                        0x20004978   Data          24  motor_use_can.o(.bss)
    Gimbal_TX_Message                        0x20004990   Data          24  motor_use_can.o(.bss)
    Gimbal_TX_Message                        0x200049a8   Data          24  motor_use_can.o(.bss)
    Chassis_TX_Message                       0x200049c0   Data          24  motor_use_can.o(.bss)
    Chassis_TX_Message                       0x200049d8   Data          24  motor_use_can.o(.bss)
    Trigger_TX_Message                       0x200049f0   Data          24  motor_use_can.o(.bss)
    Referee_TX_Message                       0x20004a08   Data          24  motor_use_can.o(.bss)
    Remote_TX_Message                        0x20004a20   Data          24  motor_use_can.o(.bss)
    .bss                                     0x20004a38   Section       30  vision.o(.bss)
    vision_rx_buf                            0x20004a44   Data          18  vision.o(.bss)
    .bss                                     0x20004a58   Section     1092  referee.o(.bss)
    referee_rx_buf                           0x20004dd4   Data         200  referee.o(.bss)
    .bss                                     0x20004e9c   Section       56  remote_control.o(.bss)
    sbus_rx_buf                              0x20004eb0   Data          36  remote_control.o(.bss)
    .bss                                     0x20004ed4   Section      244  pid_wireless_debug.o(.bss)
    .bss                                     0x20004fc8   Section       40  shoot_task.o(.bss)
    STACK                                    0x20004ff0   Section     1024  startup_stm32f427xx.o(STACK)

    Global Symbols

    Symbol Name                              Value     Ov Type        Size  Object(Section)

    BuildAttributes$$THM_ISAv4$E$P$D$K$B$S$7EM$VFPi3$EXTD16$VFPS$VFMA$PE$A:L22UL41UL21$X:L11$S22US41US21$IEEE1$IW$USESV6$~STKCKD$USESV7$~SHL$OTIME$ROPI$IEEEX$EBA8$MICROLIB$REQ8$PRES8$EABIv2 0x00000000   Number         0  anon$$obj.o ABSOLUTE
    __ARM_use_no_argv                        0x00000000   Number         0  main.o ABSOLUTE
    __cpp_initialize__aeabi_                  - Undefined Weak Reference
    __cxa_finalize                            - Undefined Weak Reference
    _clock_init                               - Undefined Weak Reference
    _microlib_exit                            - Undefined Weak Reference
    __Vectors_Size                           0x000001ac   Number         0  startup_stm32f427xx.o ABSOLUTE
    __Vectors                                0x08000000   Data           4  startup_stm32f427xx.o(RESET)
    __Vectors_End                            0x080001ac   Data           0  startup_stm32f427xx.o(RESET)
    __main                                   0x080001ad   Thumb Code     0  entry.o(.ARM.Collect$$$$00000000)
    _main_stk                                0x080001ad   Thumb Code     0  entry2.o(.ARM.Collect$$$$00000001)
    _main_scatterload                        0x080001b1   Thumb Code     0  entry5.o(.ARM.Collect$$$$00000004)
    __main_after_scatterload                 0x080001b5   Thumb Code     0  entry5.o(.ARM.Collect$$$$00000004)
    _main_clock                              0x080001b5   Thumb Code     0  entry7b.o(.ARM.Collect$$$$00000008)
    _main_cpp_init                           0x080001b5   Thumb Code     0  entry8b.o(.ARM.Collect$$$$0000000A)
    _main_init                               0x080001b5   Thumb Code     0  entry9a.o(.ARM.Collect$$$$0000000B)
    __rt_final_cpp                           0x080001bd   Thumb Code     0  entry10a.o(.ARM.Collect$$$$0000000D)
    __rt_final_exit                          0x080001bd   Thumb Code     0  entry11a.o(.ARM.Collect$$$$0000000F)
    SVC_Handler                              0x080001c1   Thumb Code    28  port.o(.emb_text)
    __asm___6_port_c_39a90d8d__prvStartFirstTask 0x080001e1   Thumb Code    36  port.o(.emb_text)
    __asm___6_port_c_39a90d8d__prvEnableVFP  0x08000209   Thumb Code    16  port.o(.emb_text)
    PendSV_Handler                           0x0800021d   Thumb Code    88  port.o(.emb_text)
    vPortGetIPSR                             0x08000279   Thumb Code     6  port.o(.emb_text)
    Reset_Handler                            0x08000281   Thumb Code     8  startup_stm32f427xx.o(.text)
    ADC_IRQHandler                           0x0800029b   Thumb Code     0  startup_stm32f427xx.o(.text)
    CAN1_RX1_IRQHandler                      0x0800029b   Thumb Code     0  startup_stm32f427xx.o(.text)
    CAN1_SCE_IRQHandler                      0x0800029b   Thumb Code     0  startup_stm32f427xx.o(.text)
    CAN1_TX_IRQHandler                       0x0800029b   Thumb Code     0  startup_stm32f427xx.o(.text)
    CAN2_RX1_IRQHandler                      0x0800029b   Thumb Code     0  startup_stm32f427xx.o(.text)
    CAN2_SCE_IRQHandler                      0x0800029b   Thumb Code     0  startup_stm32f427xx.o(.text)
    CAN2_TX_IRQHandler                       0x0800029b   Thumb Code     0  startup_stm32f427xx.o(.text)
    DCMI_IRQHandler                          0x0800029b   Thumb Code     0  startup_stm32f427xx.o(.text)
    DMA1_Stream0_IRQHandler                  0x0800029b   Thumb Code     0  startup_stm32f427xx.o(.text)
    DMA1_Stream1_IRQHandler                  0x0800029b   Thumb Code     0  startup_stm32f427xx.o(.text)
    DMA1_Stream2_IRQHandler                  0x0800029b   Thumb Code     0  startup_stm32f427xx.o(.text)
    DMA1_Stream4_IRQHandler                  0x0800029b   Thumb Code     0  startup_stm32f427xx.o(.text)
    DMA1_Stream5_IRQHandler                  0x0800029b   Thumb Code     0  startup_stm32f427xx.o(.text)
    DMA1_Stream6_IRQHandler                  0x0800029b   Thumb Code     0  startup_stm32f427xx.o(.text)
    DMA1_Stream7_IRQHandler                  0x0800029b   Thumb Code     0  startup_stm32f427xx.o(.text)
    DMA2D_IRQHandler                         0x0800029b   Thumb Code     0  startup_stm32f427xx.o(.text)
    DMA2_Stream0_IRQHandler                  0x0800029b   Thumb Code     0  startup_stm32f427xx.o(.text)
    DMA2_Stream3_IRQHandler                  0x0800029b   Thumb Code     0  startup_stm32f427xx.o(.text)
    DMA2_Stream4_IRQHandler                  0x0800029b   Thumb Code     0  startup_stm32f427xx.o(.text)
    DMA2_Stream5_IRQHandler                  0x0800029b   Thumb Code     0  startup_stm32f427xx.o(.text)
    DMA2_Stream6_IRQHandler                  0x0800029b   Thumb Code     0  startup_stm32f427xx.o(.text)
    DMA2_Stream7_IRQHandler                  0x0800029b   Thumb Code     0  startup_stm32f427xx.o(.text)
    ETH_IRQHandler                           0x0800029b   Thumb Code     0  startup_stm32f427xx.o(.text)
    ETH_WKUP_IRQHandler                      0x0800029b   Thumb Code     0  startup_stm32f427xx.o(.text)
    EXTI0_IRQHandler                         0x0800029b   Thumb Code     0  startup_stm32f427xx.o(.text)
    EXTI15_10_IRQHandler                     0x0800029b   Thumb Code     0  startup_stm32f427xx.o(.text)
    EXTI1_IRQHandler                         0x0800029b   Thumb Code     0  startup_stm32f427xx.o(.text)
    EXTI2_IRQHandler                         0x0800029b   Thumb Code     0  startup_stm32f427xx.o(.text)
    EXTI3_IRQHandler                         0x0800029b   Thumb Code     0  startup_stm32f427xx.o(.text)
    EXTI4_IRQHandler                         0x0800029b   Thumb Code     0  startup_stm32f427xx.o(.text)
    FLASH_IRQHandler                         0x0800029b   Thumb Code     0  startup_stm32f427xx.o(.text)
    FMC_IRQHandler                           0x0800029b   Thumb Code     0  startup_stm32f427xx.o(.text)
    FPU_IRQHandler                           0x0800029b   Thumb Code     0  startup_stm32f427xx.o(.text)
    HASH_RNG_IRQHandler                      0x0800029b   Thumb Code     0  startup_stm32f427xx.o(.text)
    I2C1_ER_IRQHandler                       0x0800029b   Thumb Code     0  startup_stm32f427xx.o(.text)
    I2C1_EV_IRQHandler                       0x0800029b   Thumb Code     0  startup_stm32f427xx.o(.text)
    I2C2_ER_IRQHandler                       0x0800029b   Thumb Code     0  startup_stm32f427xx.o(.text)
    I2C2_EV_IRQHandler                       0x0800029b   Thumb Code     0  startup_stm32f427xx.o(.text)
    I2C3_ER_IRQHandler                       0x0800029b   Thumb Code     0  startup_stm32f427xx.o(.text)
    I2C3_EV_IRQHandler                       0x0800029b   Thumb Code     0  startup_stm32f427xx.o(.text)
    OTG_FS_IRQHandler                        0x0800029b   Thumb Code     0  startup_stm32f427xx.o(.text)
    OTG_FS_WKUP_IRQHandler                   0x0800029b   Thumb Code     0  startup_stm32f427xx.o(.text)
    OTG_HS_EP1_IN_IRQHandler                 0x0800029b   Thumb Code     0  startup_stm32f427xx.o(.text)
    OTG_HS_EP1_OUT_IRQHandler                0x0800029b   Thumb Code     0  startup_stm32f427xx.o(.text)
    OTG_HS_IRQHandler                        0x0800029b   Thumb Code     0  startup_stm32f427xx.o(.text)
    OTG_HS_WKUP_IRQHandler                   0x0800029b   Thumb Code     0  startup_stm32f427xx.o(.text)
    PVD_IRQHandler                           0x0800029b   Thumb Code     0  startup_stm32f427xx.o(.text)
    RCC_IRQHandler                           0x0800029b   Thumb Code     0  startup_stm32f427xx.o(.text)
    RTC_Alarm_IRQHandler                     0x0800029b   Thumb Code     0  startup_stm32f427xx.o(.text)
    RTC_WKUP_IRQHandler                      0x0800029b   Thumb Code     0  startup_stm32f427xx.o(.text)
    SAI1_IRQHandler                          0x0800029b   Thumb Code     0  startup_stm32f427xx.o(.text)
    SDIO_IRQHandler                          0x0800029b   Thumb Code     0  startup_stm32f427xx.o(.text)
    SPI1_IRQHandler                          0x0800029b   Thumb Code     0  startup_stm32f427xx.o(.text)
    SPI2_IRQHandler                          0x0800029b   Thumb Code     0  startup_stm32f427xx.o(.text)
    SPI3_IRQHandler                          0x0800029b   Thumb Code     0  startup_stm32f427xx.o(.text)
    SPI4_IRQHandler                          0x0800029b   Thumb Code     0  startup_stm32f427xx.o(.text)
    SPI5_IRQHandler                          0x0800029b   Thumb Code     0  startup_stm32f427xx.o(.text)
    SPI6_IRQHandler                          0x0800029b   Thumb Code     0  startup_stm32f427xx.o(.text)
    TAMP_STAMP_IRQHandler                    0x0800029b   Thumb Code     0  startup_stm32f427xx.o(.text)
    TIM1_BRK_TIM9_IRQHandler                 0x0800029b   Thumb Code     0  startup_stm32f427xx.o(.text)
    TIM1_CC_IRQHandler                       0x0800029b   Thumb Code     0  startup_stm32f427xx.o(.text)
    TIM1_TRG_COM_TIM11_IRQHandler            0x0800029b   Thumb Code     0  startup_stm32f427xx.o(.text)
    TIM2_IRQHandler                          0x0800029b   Thumb Code     0  startup_stm32f427xx.o(.text)
    TIM4_IRQHandler                          0x0800029b   Thumb Code     0  startup_stm32f427xx.o(.text)
    TIM5_IRQHandler                          0x0800029b   Thumb Code     0  startup_stm32f427xx.o(.text)
    TIM6_DAC_IRQHandler                      0x0800029b   Thumb Code     0  startup_stm32f427xx.o(.text)
    TIM7_IRQHandler                          0x0800029b   Thumb Code     0  startup_stm32f427xx.o(.text)
    TIM8_BRK_TIM12_IRQHandler                0x0800029b   Thumb Code     0  startup_stm32f427xx.o(.text)
    TIM8_CC_IRQHandler                       0x0800029b   Thumb Code     0  startup_stm32f427xx.o(.text)
    TIM8_TRG_COM_TIM14_IRQHandler            0x0800029b   Thumb Code     0  startup_stm32f427xx.o(.text)
    TIM8_UP_TIM13_IRQHandler                 0x0800029b   Thumb Code     0  startup_stm32f427xx.o(.text)
    UART4_IRQHandler                         0x0800029b   Thumb Code     0  startup_stm32f427xx.o(.text)
    UART5_IRQHandler                         0x0800029b   Thumb Code     0  startup_stm32f427xx.o(.text)
    USART3_IRQHandler                        0x0800029b   Thumb Code     0  startup_stm32f427xx.o(.text)
    WWDG_IRQHandler                          0x0800029b   Thumb Code     0  startup_stm32f427xx.o(.text)
    __aeabi_uldivmod                         0x080002a5   Thumb Code    98  uldiv.o(.text)
    __aeabi_memcpy                           0x08000307   Thumb Code    36  memcpya.o(.text)
    __aeabi_memcpy4                          0x08000307   Thumb Code     0  memcpya.o(.text)
    __aeabi_memcpy8                          0x08000307   Thumb Code     0  memcpya.o(.text)
    __aeabi_memset                           0x0800032b   Thumb Code    14  memseta.o(.text)
    __aeabi_memset4                          0x0800032b   Thumb Code     0  memseta.o(.text)
    __aeabi_memset8                          0x0800032b   Thumb Code     0  memseta.o(.text)
    __aeabi_memclr                           0x08000339   Thumb Code     4  memseta.o(.text)
    __aeabi_memclr4                          0x08000339   Thumb Code     0  memseta.o(.text)
    __aeabi_memclr8                          0x08000339   Thumb Code     0  memseta.o(.text)
    memset                                   0x0800033d   Thumb Code    18  memseta.o(.text)
    __aeabi_dadd                             0x0800034f   Thumb Code   322  dadd.o(.text)
    __aeabi_dsub                             0x08000491   Thumb Code     6  dadd.o(.text)
    __aeabi_drsub                            0x08000497   Thumb Code     6  dadd.o(.text)
    __aeabi_ddiv                             0x0800049d   Thumb Code   222  ddiv.o(.text)
    __aeabi_ui2d                             0x0800057b   Thumb Code    26  dfltui.o(.text)
    __aeabi_d2f                              0x08000595   Thumb Code    56  d2f.o(.text)
    __aeabi_llsl                             0x080005cd   Thumb Code    30  llshl.o(.text)
    _ll_shift_l                              0x080005cd   Thumb Code     0  llshl.o(.text)
    __aeabi_llsr                             0x080005eb   Thumb Code    32  llushr.o(.text)
    _ll_ushift_r                             0x080005eb   Thumb Code     0  llushr.o(.text)
    __aeabi_lasr                             0x0800060b   Thumb Code    36  llsshr.o(.text)
    _ll_sshift_r                             0x0800060b   Thumb Code     0  llsshr.o(.text)
    __I$use$fp                               0x0800062f   Thumb Code     0  iusefp.o(.text)
    _float_round                             0x0800062f   Thumb Code    18  fepilogue.o(.text)
    _float_epilogue                          0x08000641   Thumb Code    92  fepilogue.o(.text)
    _double_round                            0x0800069d   Thumb Code    30  depilogue.o(.text)
    _double_epilogue                         0x080006bb   Thumb Code   156  depilogue.o(.text)
    __scatterload                            0x08000759   Thumb Code    28  init.o(.text)
    __scatterload_rt2                        0x08000759   Thumb Code     0  init.o(.text)
    __decompress                             0x0800077d   Thumb Code     0  __dczerorl.o(.text)
    __decompress0                            0x0800077d   Thumb Code    58  __dczerorl.o(.text)
    BSP_CAN_Init                             0x080007b9   Thumb Code    76  bsp_can.o(i.BSP_CAN_Init)
    BSP_Init                                 0x0800080d   Thumb Code    54  bsp.o(i.BSP_Init)
    BusFault_Handler                         0x0800084d   Thumb Code     2  stm32f4xx_it.o(i.BusFault_Handler)
    CAN1_RX0_IRQHandler                      0x08000851   Thumb Code     6  stm32f4xx_it.o(i.CAN1_RX0_IRQHandler)
    CAN2_RX0_IRQHandler                      0x0800085d   Thumb Code     6  stm32f4xx_it.o(i.CAN2_RX0_IRQHandler)
    CAN_GET_Remote                           0x08000869   Thumb Code    28  motor_use_can.o(i.CAN_GET_Remote)
    Chassis_Control_Task                     0x08000885   Thumb Code   104  chassis_control_task.o(i.Chassis_Control_Task)
    Chassis_Motor_Drive                      0x08000901   Thumb Code    80  motor_use_can.o(i.Chassis_Motor_Drive)
    Chassis_Motor_PID_Init                   0x08000955   Thumb Code    28  chassis_control_task.o(i.Chassis_Motor_PID_Init)
    DMA1_Stream3_IRQHandler                  0x08000981   Thumb Code     6  stm32f4xx_it.o(i.DMA1_Stream3_IRQHandler)
    DMA2_Stream1_IRQHandler                  0x0800098d   Thumb Code     6  stm32f4xx_it.o(i.DMA2_Stream1_IRQHandler)
    DMA2_Stream2_IRQHandler                  0x08000999   Thumb Code     6  stm32f4xx_it.o(i.DMA2_Stream2_IRQHandler)
    DR16_UART_IRQHandler                     0x08000a49   Thumb Code   124  remote_control.o(i.DR16_UART_IRQHandler)
    DebugMon_Handler                         0x08000ad9   Thumb Code     2  stm32f4xx_it.o(i.DebugMon_Handler)
    Device_OffLine_Check                     0x08000add   Thumb Code    64  offline_check.o(i.Device_OffLine_Check)
    EXTI9_5_IRQHandler                       0x08000b25   Thumb Code     6  stm32f4xx_it.o(i.EXTI9_5_IRQHandler)
    Encoder_Mini512_TIM_Init                 0x08000b2d   Thumb Code     6  encoder.o(i.Encoder_Mini512_TIM_Init)
    Error_Handler                            0x08000b39   Thumb Code     2  main.o(i.Error_Handler)
    Friction_Drive_Task                      0x08000b3d   Thumb Code   178  shoot_task.o(i.Friction_Drive_Task)
    Get_CRC16_Check_Sum                      0x08000c11   Thumb Code    38  crc.o(i.Get_CRC16_Check_Sum)
    Get_CRC8_Check_Sum                       0x08000c3d   Thumb Code    24  crc.o(i.Get_CRC8_Check_Sum)
    Get_Moto_Measure_2006                    0x08000c59   Thumb Code    60  motor_use_can.o(i.Get_Moto_Measure_2006)
    Get_Moto_Measure_3508                    0x08000c95   Thumb Code    64  motor_use_can.o(i.Get_Moto_Measure_3508)
    Get_Moto_Measure_6020                    0x08000cd5   Thumb Code    64  motor_use_can.o(i.Get_Moto_Measure_6020)
    Get_Moto_Offset                          0x08000d15   Thumb Code    10  motor_use_can.o(i.Get_Moto_Offset)
    Get_System_Timer                         0x08000d21   Thumb Code    62  offline_check.o(i.Get_System_Timer)
    Get_TIM_COUNTER                          0x08000d6d   Thumb Code     8  encoder.o(i.Get_TIM_COUNTER)
    Gimbal_Control_Task                      0x08000d79   Thumb Code    96  gimbal_control_task.o(i.Gimbal_Control_Task)
    Gimbal_Motor_Drive                       0x08000ded   Thumb Code    76  motor_use_can.o(i.Gimbal_Motor_Drive)
    Gimbal_Motor_PID_Init                    0x08000e3d   Thumb Code    28  gimbal_control_task.o(i.Gimbal_Motor_PID_Init)
    HAL_CAN_ActivateNotification             0x08000e65   Thumb Code    36  stm32f4xx_hal_can.o(i.HAL_CAN_ActivateNotification)
    HAL_CAN_AddTxMessage                     0x08000e89   Thumb Code   200  stm32f4xx_hal_can.o(i.HAL_CAN_AddTxMessage)
    HAL_CAN_ConfigFilter                     0x08000f51   Thumb Code   262  stm32f4xx_hal_can.o(i.HAL_CAN_ConfigFilter)
    HAL_CAN_ErrorCallback                    0x0800105d   Thumb Code     2  stm32f4xx_hal_can.o(i.HAL_CAN_ErrorCallback)
    HAL_CAN_GetRxMessage                     0x0800105f   Thumb Code   232  stm32f4xx_hal_can.o(i.HAL_CAN_GetRxMessage)
    HAL_CAN_IRQHandler                       0x08001147   Thumb Code   508  stm32f4xx_hal_can.o(i.HAL_CAN_IRQHandler)
    HAL_CAN_Init                             0x08001343   Thumb Code   282  stm32f4xx_hal_can.o(i.HAL_CAN_Init)
    HAL_CAN_MspInit                          0x0800145d   Thumb Code   228  can.o(i.HAL_CAN_MspInit)
    HAL_CAN_RxFifo0FullCallback              0x08001559   Thumb Code     2  stm32f4xx_hal_can.o(i.HAL_CAN_RxFifo0FullCallback)
    HAL_CAN_RxFifo0MsgPendingCallback        0x0800155d   Thumb Code   328  motor_use_can.o(i.HAL_CAN_RxFifo0MsgPendingCallback)
    HAL_CAN_RxFifo1FullCallback              0x080016b5   Thumb Code     2  stm32f4xx_hal_can.o(i.HAL_CAN_RxFifo1FullCallback)
    HAL_CAN_RxFifo1MsgPendingCallback        0x080016b7   Thumb Code     2  stm32f4xx_hal_can.o(i.HAL_CAN_RxFifo1MsgPendingCallback)
    HAL_CAN_SleepCallback                    0x080016b9   Thumb Code     2  stm32f4xx_hal_can.o(i.HAL_CAN_SleepCallback)
    HAL_CAN_Start                            0x080016bd   Thumb Code    88  stm32f4xx_hal_can.o(i.HAL_CAN_Start)
    HAL_CAN_TxMailbox0AbortCallback          0x08001715   Thumb Code     2  stm32f4xx_hal_can.o(i.HAL_CAN_TxMailbox0AbortCallback)
    HAL_CAN_TxMailbox0CompleteCallback       0x08001717   Thumb Code     2  stm32f4xx_hal_can.o(i.HAL_CAN_TxMailbox0CompleteCallback)
    HAL_CAN_TxMailbox1AbortCallback          0x08001719   Thumb Code     2  stm32f4xx_hal_can.o(i.HAL_CAN_TxMailbox1AbortCallback)
    HAL_CAN_TxMailbox1CompleteCallback       0x0800171b   Thumb Code     2  stm32f4xx_hal_can.o(i.HAL_CAN_TxMailbox1CompleteCallback)
    HAL_CAN_TxMailbox2AbortCallback          0x0800171d   Thumb Code     2  stm32f4xx_hal_can.o(i.HAL_CAN_TxMailbox2AbortCallback)
    HAL_CAN_TxMailbox2CompleteCallback       0x0800171f   Thumb Code     2  stm32f4xx_hal_can.o(i.HAL_CAN_TxMailbox2CompleteCallback)
    HAL_CAN_WakeUpFromRxMsgCallback          0x08001721   Thumb Code     2  stm32f4xx_hal_can.o(i.HAL_CAN_WakeUpFromRxMsgCallback)
    HAL_DMA_Abort_IT                         0x08001723   Thumb Code    36  stm32f4xx_hal_dma.o(i.HAL_DMA_Abort_IT)
    HAL_DMA_IRQHandler                       0x08001749   Thumb Code   412  stm32f4xx_hal_dma.o(i.HAL_DMA_IRQHandler)
    HAL_DMA_Init                             0x080018e9   Thumb Code   206  stm32f4xx_hal_dma.o(i.HAL_DMA_Init)
    HAL_DMA_Start                            0x080019bd   Thumb Code    70  stm32f4xx_hal_dma.o(i.HAL_DMA_Start)
    HAL_DMA_Start_IT                         0x08001a03   Thumb Code   110  stm32f4xx_hal_dma.o(i.HAL_DMA_Start_IT)
    HAL_Delay                                0x08001a71   Thumb Code    32  stm32f4xx_hal.o(i.HAL_Delay)
    HAL_GPIO_EXTI_Callback                   0x08001a95   Thumb Code    56  encoder.o(i.HAL_GPIO_EXTI_Callback)
    HAL_GPIO_EXTI_IRQHandler                 0x08001ad5   Thumb Code    18  stm32f4xx_hal_gpio.o(i.HAL_GPIO_EXTI_IRQHandler)
    HAL_GPIO_Init                            0x08001aed   Thumb Code   414  stm32f4xx_hal_gpio.o(i.HAL_GPIO_Init)
    HAL_GPIO_ReadPin                         0x08001cc1   Thumb Code    10  stm32f4xx_hal_gpio.o(i.HAL_GPIO_ReadPin)
    HAL_GPIO_TogglePin                       0x08001ccb   Thumb Code    14  stm32f4xx_hal_gpio.o(i.HAL_GPIO_TogglePin)
    HAL_GPIO_WritePin                        0x08001cd9   Thumb Code    10  stm32f4xx_hal_gpio.o(i.HAL_GPIO_WritePin)
    HAL_GetTick                              0x08001ce5   Thumb Code     6  stm32f4xx_hal.o(i.HAL_GetTick)
    HAL_IncTick                              0x08001cf1   Thumb Code    12  stm32f4xx_hal.o(i.HAL_IncTick)
    HAL_Init                                 0x08001d01   Thumb Code    48  stm32f4xx_hal.o(i.HAL_Init)
    HAL_InitTick                             0x08001d35   Thumb Code   100  stm32f4xx_hal_timebase_tim.o(i.HAL_InitTick)
    HAL_MspInit                              0x08001da9   Thumb Code    52  stm32f4xx_hal_msp.o(i.HAL_MspInit)
    HAL_NVIC_EnableIRQ                       0x08001de1   Thumb Code    26  stm32f4xx_hal_cortex.o(i.HAL_NVIC_EnableIRQ)
    HAL_NVIC_SetPriority                     0x08001dfd   Thumb Code    60  stm32f4xx_hal_cortex.o(i.HAL_NVIC_SetPriority)
    HAL_NVIC_SetPriorityGrouping             0x08001e3d   Thumb Code    26  stm32f4xx_hal_cortex.o(i.HAL_NVIC_SetPriorityGrouping)
    HAL_RCC_ClockConfig                      0x08001e61   Thumb Code   288  stm32f4xx_hal_rcc.o(i.HAL_RCC_ClockConfig)
    HAL_RCC_GetClockConfig                   0x08001f95   Thumb Code    54  stm32f4xx_hal_rcc.o(i.HAL_RCC_GetClockConfig)
    HAL_RCC_GetPCLK1Freq                     0x08001fd5   Thumb Code    20  stm32f4xx_hal_rcc.o(i.HAL_RCC_GetPCLK1Freq)
    HAL_RCC_GetPCLK2Freq                     0x08001ff5   Thumb Code    20  stm32f4xx_hal_rcc.o(i.HAL_RCC_GetPCLK2Freq)
    HAL_RCC_GetSysClockFreq                  0x08002015   Thumb Code    88  stm32f4xx_hal_rcc.o(i.HAL_RCC_GetSysClockFreq)
    HAL_RCC_OscConfig                        0x08002079   Thumb Code   834  stm32f4xx_hal_rcc.o(i.HAL_RCC_OscConfig)
    HAL_SPI_Init                             0x080023d5   Thumb Code   128  stm32f4xx_hal_spi.o(i.HAL_SPI_Init)
    HAL_SPI_MspInit                          0x08002455   Thumb Code    94  spi.o(i.HAL_SPI_MspInit)
    HAL_SPI_TransmitReceive                  0x080024c1   Thumb Code   482  stm32f4xx_hal_spi.o(i.HAL_SPI_TransmitReceive)
    HAL_TIMEx_BreakCallback                  0x080026a3   Thumb Code     2  stm32f4xx_hal_tim_ex.o(i.HAL_TIMEx_BreakCallback)
    HAL_TIMEx_CommutCallback                 0x080026a5   Thumb Code     2  stm32f4xx_hal_tim_ex.o(i.HAL_TIMEx_CommutCallback)
    HAL_TIMEx_MasterConfigSynchronization    0x080026a9   Thumb Code   116  stm32f4xx_hal_tim_ex.o(i.HAL_TIMEx_MasterConfigSynchronization)
    HAL_TIM_Base_Init                        0x08002739   Thumb Code    54  stm32f4xx_hal_tim.o(i.HAL_TIM_Base_Init)
    HAL_TIM_Base_MspInit                     0x08002771   Thumb Code   172  tim.o(i.HAL_TIM_Base_MspInit)
    HAL_TIM_Base_Start                       0x08002831   Thumb Code    36  stm32f4xx_hal_tim.o(i.HAL_TIM_Base_Start)
    HAL_TIM_Base_Start_IT                    0x08002855   Thumb Code    34  stm32f4xx_hal_tim.o(i.HAL_TIM_Base_Start_IT)
    HAL_TIM_ConfigClockSource                0x08002877   Thumb Code   214  stm32f4xx_hal_tim.o(i.HAL_TIM_ConfigClockSource)
    HAL_TIM_IC_CaptureCallback               0x0800294d   Thumb Code     2  stm32f4xx_hal_tim.o(i.HAL_TIM_IC_CaptureCallback)
    HAL_TIM_IRQHandler                       0x0800294f   Thumb Code   358  stm32f4xx_hal_tim.o(i.HAL_TIM_IRQHandler)
    HAL_TIM_MspPostInit                      0x08002ab5   Thumb Code   144  tim.o(i.HAL_TIM_MspPostInit)
    HAL_TIM_OC_DelayElapsedCallback          0x08002b5d   Thumb Code     2  stm32f4xx_hal_tim.o(i.HAL_TIM_OC_DelayElapsedCallback)
    HAL_TIM_PWM_ConfigChannel                0x08002b5f   Thumb Code   208  stm32f4xx_hal_tim.o(i.HAL_TIM_PWM_ConfigChannel)
    HAL_TIM_PWM_Init                         0x08002c2f   Thumb Code    54  stm32f4xx_hal_tim.o(i.HAL_TIM_PWM_Init)
    HAL_TIM_PWM_MspInit                      0x08002c65   Thumb Code     2  stm32f4xx_hal_tim.o(i.HAL_TIM_PWM_MspInit)
    HAL_TIM_PWM_PulseFinishedCallback        0x08002c67   Thumb Code     2  stm32f4xx_hal_tim.o(i.HAL_TIM_PWM_PulseFinishedCallback)
    HAL_TIM_PWM_Start                        0x08002c69   Thumb Code    58  stm32f4xx_hal_tim.o(i.HAL_TIM_PWM_Start)
    HAL_TIM_PWM_Stop                         0x08002cad   Thumb Code    84  stm32f4xx_hal_tim.o(i.HAL_TIM_PWM_Stop)
    HAL_TIM_PeriodElapsedCallback            0x08002d09   Thumb Code    24  offline_check.o(i.HAL_TIM_PeriodElapsedCallback)
    HAL_TIM_TriggerCallback                  0x08002d29   Thumb Code     2  stm32f4xx_hal_tim.o(i.HAL_TIM_TriggerCallback)
    HAL_UART_ErrorCallback                   0x08002d2b   Thumb Code     2  stm32f4xx_hal_uart.o(i.HAL_UART_ErrorCallback)
    HAL_UART_IRQHandler                      0x08002d2d   Thumb Code   270  stm32f4xx_hal_uart.o(i.HAL_UART_IRQHandler)
    HAL_UART_IT_Init                         0x08002e41   Thumb Code    20  bsp_usart.o(i.HAL_UART_IT_Init)
    HAL_UART_Init                            0x08002e55   Thumb Code    98  stm32f4xx_hal_uart.o(i.HAL_UART_Init)
    HAL_UART_MspInit                         0x08002eb9   Thumb Code   584  usart.o(i.HAL_UART_MspInit)
    HAL_UART_Receive_DMA                     0x08003135   Thumb Code   138  stm32f4xx_hal_uart.o(i.HAL_UART_Receive_DMA)
    HAL_UART_RxCpltCallback                  0x080031cd   Thumb Code     2  stm32f4xx_hal_uart.o(i.HAL_UART_RxCpltCallback)
    HAL_UART_RxHalfCpltCallback              0x080031cf   Thumb Code     2  stm32f4xx_hal_uart.o(i.HAL_UART_RxHalfCpltCallback)
    HAL_UART_Transmit                        0x080031d1   Thumb Code   186  stm32f4xx_hal_uart.o(i.HAL_UART_Transmit)
    HAL_UART_TxCpltCallback                  0x0800328b   Thumb Code     2  stm32f4xx_hal_uart.o(i.HAL_UART_TxCpltCallback)
    HardFault_Handler                        0x0800328d   Thumb Code     2  stm32f4xx_it.o(i.HardFault_Handler)
    IST8310_Init                             0x0800328f   Thumb Code   256  imu.o(i.IST8310_Init)
    LPF_1st                                  0x08003409   Thumb Code    18  user_lib.o(i.LPF_1st)
    MPU_Device_SPI_Init                      0x0800341d   Thumb Code    90  imu.o(i.MPU_Device_SPI_Init)
    MPU_Offset_Call                          0x08003511   Thumb Code   160  imu.o(i.MPU_Offset_Call)
    MPU_Read_Byte                            0x080035b5   Thumb Code    68  imu.o(i.MPU_Read_Byte)
    MPU_Read_Bytes                           0x08003605   Thumb Code    80  imu.o(i.MPU_Read_Bytes)
    MPU_Set_Accel_FSR                        0x08003661   Thumb Code    10  imu.o(i.MPU_Set_Accel_FSR)
    MPU_Set_Gyro_FSR                         0x0800366b   Thumb Code    10  imu.o(i.MPU_Set_Gyro_FSR)
    MPU_Write_Byte                           0x08003675   Thumb Code    72  imu.o(i.MPU_Write_Byte)
    MX_CAN1_Init                             0x080036c9   Thumb Code    60  can.o(i.MX_CAN1_Init)
    MX_CAN2_Init                             0x0800370d   Thumb Code    60  can.o(i.MX_CAN2_Init)
    MX_DMA_Init                              0x08003751   Thumb Code    88  dma.o(i.MX_DMA_Init)
    MX_FREERTOS_Init                         0x080037ad   Thumb Code   206  freertos.o(i.MX_FREERTOS_Init)
    MX_GPIO_Init                             0x08003885   Thumb Code   296  gpio.o(i.MX_GPIO_Init)
    MX_SPI5_Init                             0x080039c5   Thumb Code    62  spi.o(i.MX_SPI5_Init)
    MX_TIM2_Init                             0x08003a0d   Thumb Code    98  tim.o(i.MX_TIM2_Init)
    MX_TIM3_Init                             0x08003a75   Thumb Code    94  tim.o(i.MX_TIM3_Init)
    MX_TIM4_Init                             0x08003add   Thumb Code   194  tim.o(i.MX_TIM4_Init)
    MX_TIM5_Init                             0x08003ba9   Thumb Code   194  tim.o(i.MX_TIM5_Init)
    MX_UART7_Init                            0x08003c75   Thumb Code    48  usart.o(i.MX_UART7_Init)
    MX_UART8_Init                            0x08003cad   Thumb Code    48  usart.o(i.MX_UART8_Init)
    MX_USART1_UART_Init                      0x08003ce5   Thumb Code    50  usart.o(i.MX_USART1_UART_Init)
    MX_USART2_UART_Init                      0x08003d25   Thumb Code    48  usart.o(i.MX_USART2_UART_Init)
    MX_USART6_UART_Init                      0x08003d5d   Thumb Code    48  usart.o(i.MX_USART6_UART_Init)
    MemManage_Handler                        0x08003d95   Thumb Code     2  stm32f4xx_it.o(i.MemManage_Handler)
    NMI_Handler                              0x08003d97   Thumb Code     2  stm32f4xx_it.o(i.NMI_Handler)
    OffLine_Check_Task                       0x08003d99   Thumb Code   184  offline_check_task.o(i.OffLine_Check_Task)
    Off_Line_Detect_Init                     0x08003e59   Thumb Code    20  offline_check.o(i.Off_Line_Detect_Init)
    PID_Calc                                 0x08003e75   Thumb Code   372  pid.o(i.PID_Calc)
    PID_Param_Init                           0x08003ff1   Thumb Code    62  pid.o(i.PID_Param_Init)
    PID_Params_Set                           0x08004035   Thumb Code    80  pid_wireless_debug.o(i.PID_Params_Set)
    PID_Params_Upload                        0x08004089   Thumb Code   378  pid_wireless_debug.o(i.PID_Params_Upload)
    PID_Regulator_Decode                     0x08004211   Thumb Code   218  pid_wireless_debug.o(i.PID_Regulator_Decode)
    PW_IRQHandler                            0x080042f1   Thumb Code   194  pid_wireless_debug.o(i.PW_IRQHandler)
    Power_ON                                 0x080043c1   Thumb Code    48  bsp.o(i.Power_ON)
    RC_Data_Error                            0x080043f5   Thumb Code    96  remote_control.o(i.RC_Data_Error)
    RefereeDate_Receive_USART_Init           0x080044d9   Thumb Code    10  referee.o(i.RefereeDate_Receive_USART_Init)
    Referee_Data_Task                        0x080044ed   Thumb Code    40  referee_task.o(i.Referee_Data_Task)
    Referee_To_Use                           0x08004515   Thumb Code   214  referee.o(i.Referee_To_Use)
    Referee_UART_IRQHandler                  0x080045f5   Thumb Code   114  referee.o(i.Referee_UART_IRQHandler)
    Refresh_Device_OffLine_Time              0x0800467d   Thumb Code    20  offline_check.o(i.Refresh_Device_OffLine_Time)
    Refresh_SysTime                          0x08004695   Thumb Code    10  offline_check.o(i.Refresh_SysTime)
    Refresh_Task_OffLine_Time                0x080046a5   Thumb Code    20  offline_check.o(i.Refresh_Task_OffLine_Time)
    Remote_Control_USART_Init                0x080046bd   Thumb Code    10  remote_control.o(i.Remote_Control_USART_Init)
    Remote_Data_Task                         0x080046d1   Thumb Code    40  remote_control_task.o(i.Remote_Data_Task)
    Shoot_Firction_Motor                     0x08004a9d   Thumb Code     4  motor_use_tim.o(i.Shoot_Firction_Motor)
    Shoot_Firction_Motor_PWM_Init            0x08004aa1   Thumb Code    66  motor_use_tim.o(i.Shoot_Firction_Motor_PWM_Init)
    Shoot_Firction_Motor_Restart             0x08004ae9   Thumb Code    46  motor_use_tim.o(i.Shoot_Firction_Motor_Restart)
    Shoot_Firction_Motor_Stop                0x08004b1d   Thumb Code    66  motor_use_tim.o(i.Shoot_Firction_Motor_Stop)
    StartDefaultTask                         0x08004b65   Thumb Code    36  freertos.o(i.StartDefaultTask)
    SysTick_Handler                          0x08004b8d   Thumb Code    38  port.o(i.SysTick_Handler)
    SystemClock_Config                       0x08004bb9   Thumb Code   124  main.o(i.SystemClock_Config)
    SystemInit                               0x08004c3d   Thumb Code    22  system_stm32f4xx.o(i.SystemInit)
    TIM1_UP_TIM10_IRQHandler                 0x08004c59   Thumb Code     6  stm32f4xx_it.o(i.TIM1_UP_TIM10_IRQHandler)
    TIM3_IRQHandler                          0x08004c65   Thumb Code     6  stm32f4xx_it.o(i.TIM3_IRQHandler)
    TIM_Base_SetConfig                       0x08004c71   Thumb Code   156  stm32f4xx_hal_tim.o(i.TIM_Base_SetConfig)
    TIM_CCxChannelCmd                        0x08004d39   Thumb Code    26  stm32f4xx_hal_tim.o(i.TIM_CCxChannelCmd)
    TIM_Compare_Value_Set                    0x08004d55   Thumb Code    12  motor_use_tim.o(i.TIM_Compare_Value_Set)
    TIM_ETR_SetConfig                        0x08004d65   Thumb Code    20  stm32f4xx_hal_tim.o(i.TIM_ETR_SetConfig)
    TIM_OC2_SetConfig                        0x08004de9   Thumb Code    98  stm32f4xx_hal_tim.o(i.TIM_OC2_SetConfig)
    Task_OffLine_Check                       0x08004f55   Thumb Code    64  offline_check.o(i.Task_OffLine_Check)
    Trigger_Drive_Task                       0x08004f9d   Thumb Code    24  shoot_task.o(i.Trigger_Drive_Task)
    UART7_IRQHandler                         0x08004fb5   Thumb Code    16  stm32f4xx_it.o(i.UART7_IRQHandler)
    UART8_IRQHandler                         0x08004fc9   Thumb Code     6  stm32f4xx_it.o(i.UART8_IRQHandler)
    USART1_IRQHandler                        0x08005329   Thumb Code    16  stm32f4xx_it.o(i.USART1_IRQHandler)
    USART2_IRQHandler                        0x0800533d   Thumb Code     4  stm32f4xx_it.o(i.USART2_IRQHandler)
    USART6_IRQHandler                        0x08005341   Thumb Code    16  stm32f4xx_it.o(i.USART6_IRQHandler)
    USER_UART_IT_Init                        0x08005355   Thumb Code    20  bsp_usart.o(i.USER_UART_IT_Init)
    USER_UART_Receive_DMA                    0x08005369   Thumb Code   104  bsp_usart.o(i.USER_UART_Receive_DMA)
    UsageFault_Handler                       0x080053d1   Thumb Code     2  stm32f4xx_it.o(i.UsageFault_Handler)
    Verify_CRC16_Check_Sum                   0x080053d5   Thumb Code    54  crc.o(i.Verify_CRC16_Check_Sum)
    Verify_CRC8_Check_Sum                    0x08005411   Thumb Code    38  crc.o(i.Verify_CRC8_Check_Sum)
    VisionDate_Receive_USART_Init            0x08005439   Thumb Code    10  vision.o(i.VisionDate_Receive_USART_Init)
    Vision_Data_Task                         0x0800544d   Thumb Code    38  vision_task.o(i.Vision_Data_Task)
    Vision_UART_IRQHandler                   0x08005475   Thumb Code   160  vision.o(i.Vision_UART_IRQHandler)
    Wireless_Debug_USART_Init                0x08005529   Thumb Code    14  pid_wireless_debug.o(i.Wireless_Debug_USART_Init)
    __scatterload_copy                       0x0800555d   Thumb Code    14  handlers.o(i.__scatterload_copy)
    __scatterload_null                       0x0800556b   Thumb Code     2  handlers.o(i.__scatterload_null)
    __scatterload_zeroinit                   0x0800556d   Thumb Code    14  handlers.o(i.__scatterload_zeroinit)
    abs_limit                                0x0800557b   Thumb Code    34  user_lib.o(i.abs_limit)
    main                                     0x0800559d   Thumb Code    86  main.o(i.main)
    osDelay                                  0x080055ff   Thumb Code    14  cmsis_os.o(i.osDelay)
    osDelayUntil                             0x0800560d   Thumb Code    14  cmsis_os.o(i.osDelayUntil)
    osKernelStart                            0x0800561b   Thumb Code    10  cmsis_os.o(i.osKernelStart)
    osThreadCreate                           0x08005625   Thumb Code    84  cmsis_os.o(i.osThreadCreate)
    pvPortMalloc                             0x080059bd   Thumb Code   210  heap_4.o(i.pvPortMalloc)
    pxPortInitialiseStack                    0x08005a95   Thumb Code    40  port.o(i.pxPortInitialiseStack)
    ramp_calc                                0x08005ac1   Thumb Code    80  user_lib.o(i.ramp_calc)
    ramp_init                                0x08005b11   Thumb Code    26  user_lib.o(i.ramp_init)
    ulTaskNotifyTake                         0x08005b2d   Thumb Code    96  tasks.o(i.ulTaskNotifyTake)
    uxListRemove                             0x08005b95   Thumb Code    38  list.o(i.uxListRemove)
    vApplicationGetIdleTaskMemory            0x08005bbd   Thumb Code    16  freertos.o(i.vApplicationGetIdleTaskMemory)
    vListInitialise                          0x08005bd1   Thumb Code    22  list.o(i.vListInitialise)
    vListInitialiseItem                      0x08005be7   Thumb Code     6  list.o(i.vListInitialiseItem)
    vListInsert                              0x08005bed   Thumb Code    48  list.o(i.vListInsert)
    vListInsertEnd                           0x08005c1d   Thumb Code    24  list.o(i.vListInsertEnd)
    vPortEnterCritical                       0x08005c35   Thumb Code    54  port.o(i.vPortEnterCritical)
    vPortExitCritical                        0x08005c75   Thumb Code    34  port.o(i.vPortExitCritical)
    vPortFree                                0x08005c9d   Thumb Code    88  heap_4.o(i.vPortFree)
    vPortSetupTimerInterrupt                 0x08005cf9   Thumb Code    32  port.o(i.vPortSetupTimerInterrupt)
    vPortValidateInterruptPriority           0x08005d1d   Thumb Code    74  port.o(i.vPortValidateInterruptPriority)
    vTaskDelay                               0x08005d71   Thumb Code    66  tasks.o(i.vTaskDelay)
    vTaskDelayUntil                          0x08005dbd   Thumb Code   132  tasks.o(i.vTaskDelayUntil)
    vTaskNotifyGiveFromISR                   0x08005e49   Thumb Code   174  tasks.o(i.vTaskNotifyGiveFromISR)
    vTaskStartScheduler                      0x08005f01   Thumb Code    90  tasks.o(i.vTaskStartScheduler)
    vTaskSuspendAll                          0x08005f6d   Thumb Code    10  tasks.o(i.vTaskSuspendAll)
    vTaskSwitchContext                       0x08005f7d   Thumb Code    82  tasks.o(i.vTaskSwitchContext)
    xPortStartScheduler                      0x08005fd9   Thumb Code   222  port.o(i.xPortStartScheduler)
    xTaskCreate                              0x080060cd   Thumb Code    90  tasks.o(i.xTaskCreate)
    xTaskCreateStatic                        0x08006127   Thumb Code    86  tasks.o(i.xTaskCreateStatic)
    xTaskGetTickCount                        0x0800617d   Thumb Code     6  tasks.o(i.xTaskGetTickCount)
    xTaskIncrementTick                       0x08006189   Thumb Code   192  tasks.o(i.xTaskIncrementTick)
    xTaskResumeAll                           0x08006251   Thumb Code   182  tasks.o(i.xTaskResumeAll)
    AHBPrescTable                            0x08006418   Data          16  system_stm32f4xx.o(.constdata)
    APBPrescTable                            0x08006428   Data           8  system_stm32f4xx.o(.constdata)
    CRC8_TAB                                 0x08006430   Data         256  crc.o(.constdata)
    wCRC_Table                               0x08006530   Data         512  crc.o(.constdata)
    Region$$Table$$Base                      0x080067e4   Number         0  anon$$obj.o(Region$$Table)
    Region$$Table$$Limit                     0x08006804   Number         0  anon$$obj.o(Region$$Table)
    RemoteDataTaskHandle                     0x20000004   Data           4  freertos.o(.data)
    VisionDataTaskHandle                     0x20000008   Data           4  freertos.o(.data)
    RefereeDataTaskHandle                    0x2000000c   Data           4  freertos.o(.data)
    TriggerDriveTaskHandle                   0x20000010   Data           4  freertos.o(.data)
    FrictionDriveTaskHandle                  0x20000014   Data           4  freertos.o(.data)
    GimbalControlTaskHandle                  0x20000018   Data           4  freertos.o(.data)
    ChassisControlTaskHandle                 0x2000001c   Data           4  freertos.o(.data)
    OffLineCheckTaskHandle                   0x20000020   Data           4  freertos.o(.data)
    defaultTaskHandle                        0x20000024   Data           4  freertos.o(.data)
    uwTickFreq                               0x20000028   Data           1  stm32f4xx_hal.o(.data)
    uwTickPrio                               0x2000002c   Data           4  stm32f4xx_hal.o(.data)
    uwTick                                   0x20000030   Data           4  stm32f4xx_hal.o(.data)
    SystemCoreClock                          0x20000034   Data           4  system_stm32f4xx.o(.data)
    pxCurrentTCB                             0x20000038   Data           4  tasks.o(.data)
    CRC_INIT                                 0x20000098   Data           2  crc.o(.data)
    id                                       0x2000009e   Data           1  imu.o(.data)
    q0                                       0x200000a0   Data           4  imu.o(.data)
    q1                                       0x200000a4   Data           4  imu.o(.data)
    q2                                       0x200000a8   Data           4  imu.o(.data)
    q3                                       0x200000ac   Data           4  imu.o(.data)
    exInt                                    0x200000b0   Data           4  imu.o(.data)
    eyInt                                    0x200000b4   Data           4  imu.o(.data)
    ezInt                                    0x200000b8   Data           4  imu.o(.data)
    last_update                              0x200000e0   Data           4  imu.o(.data)
    now_update                               0x200000e4   Data           4  imu.o(.data)
    ist_buff                                 0x200000e8   Data           6  imu.o(.data)
    referee_rx_date_len                      0x2000010a   Data           2  referee.o(.data)
    usart_state                              0x20000114   Data           1  pid_wireless_debug.o(.data)
    usart_rx_index                           0x20000115   Data           1  pid_wireless_debug.o(.data)
    rxLength                                 0x20000118   Data           2  pid_wireless_debug.o(.data)
    mini512_cnt                              0x20000128   Data           4  chassis_control_task.o(.data)
    hcan1                                    0x20000130   Data          40  can.o(.bss)
    hcan2                                    0x20000158   Data          40  can.o(.bss)
    hspi5                                    0x200003d4   Data          88  spi.o(.bss)
    htim2                                    0x2000042c   Data          64  tim.o(.bss)
    htim3                                    0x2000046c   Data          64  tim.o(.bss)
    htim4                                    0x200004ac   Data          64  tim.o(.bss)
    htim5                                    0x200004ec   Data          64  tim.o(.bss)
    huart7                                   0x2000052c   Data          64  usart.o(.bss)
    huart8                                   0x2000056c   Data          64  usart.o(.bss)
    huart1                                   0x200005ac   Data          64  usart.o(.bss)
    huart2                                   0x200005ec   Data          64  usart.o(.bss)
    huart6                                   0x2000062c   Data          64  usart.o(.bss)
    hdma_uart7_rx                            0x2000066c   Data          96  usart.o(.bss)
    hdma_usart1_rx                           0x200006cc   Data          96  usart.o(.bss)
    hdma_usart6_rx                           0x2000072c   Data          96  usart.o(.bss)
    htim1                                    0x2000078c   Data          64  stm32f4xx_hal_timebase_tim.o(.bss)
    motor_pid                                0x200044bc   Data         840  pid.o(.bss)
    imu                                      0x20004804   Data          52  imu.o(.bss)
    mpu_buff                                 0x20004838   Data          14  imu.o(.bss)
    mpu_data                                 0x20004846   Data          32  imu.o(.bss)
    g_Time_Device_OffLine                    0x20004868   Data          28  offline_check.o(.bss)
    g_Time_Task_OffLine                      0x20004884   Data          32  offline_check.o(.bss)
    off_line                                 0x200048a4   Data          16  offline_check.o(.bss)
    motor_get                                0x200048b4   Data         196  motor_use_can.o(.bss)
    minipc_rx                                0x20004a38   Data          12  vision.o(.bss)
    referee_receive                          0x20004a58   Data         280  referee.o(.bss)
    referee_used                             0x20004b70   Data          52  referee.o(.bss)
    referee_send                             0x20004ba4   Data         280  referee.o(.bss)
    referee_client                           0x20004cbc   Data         280  referee.o(.bss)
    rc_ctrl                                  0x20004e9c   Data          20  remote_control.o(.bss)
    pid_regulator_msg                        0x20004ed4   Data          44  pid_wireless_debug.o(.bss)
    usart_rx_Info                            0x20004f00   Data         200  pid_wireless_debug.o(.bss)
    shoot_control                            0x20004fc8   Data          40  shoot_task.o(.bss)
    __initial_sp                             0x200053f0   Data           0  startup_stm32f427xx.o(STACK)



==============================================================================

Memory Map of the image

  Image Entry point : 0x080001ad

  Load Region LR_IROM1 (Base: 0x08000000, Size: 0x00006934, Max: 0x00200000, ABSOLUTE, COMPRESSED[0x00006820])

    Execution Region ER_IROM1 (Exec base: 0x08000000, Load base: 0x08000000, Size: 0x00006804, Max: 0x00200000, ABSOLUTE)

    Exec Addr    Load Addr    Size         Type   Attr      Idx    E Section Name        Object

    0x08000000   0x08000000   0x000001ac   Data   RO            3    RESET               startup_stm32f427xx.o
    0x080001ac   0x080001ac   0x00000000   Code   RO         6576  * .ARM.Collect$$$$00000000  mc_w.l(entry.o)
    0x080001ac   0x080001ac   0x00000004   Code   RO         6946    .ARM.Collect$$$$00000001  mc_w.l(entry2.o)
    0x080001b0   0x080001b0   0x00000004   Code   RO         6949    .ARM.Collect$$$$00000004  mc_w.l(entry5.o)
    0x080001b4   0x080001b4   0x00000000   Code   RO         6951    .ARM.Collect$$$$00000008  mc_w.l(entry7b.o)
    0x080001b4   0x080001b4   0x00000000   Code   RO         6953    .ARM.Collect$$$$0000000A  mc_w.l(entry8b.o)
    0x080001b4   0x080001b4   0x00000008   Code   RO         6954    .ARM.Collect$$$$0000000B  mc_w.l(entry9a.o)
    0x080001bc   0x080001bc   0x00000000   Code   RO         6956    .ARM.Collect$$$$0000000D  mc_w.l(entry10a.o)
    0x080001bc   0x080001bc   0x00000000   Code   RO         6958    .ARM.Collect$$$$0000000F  mc_w.l(entry11a.o)
    0x080001bc   0x080001bc   0x00000004   Code   RO         6947    .ARM.Collect$$$$00002712  mc_w.l(entry2.o)
    0x080001c0   0x080001c0   0x000000be   Code   RO         5043    .emb_text           port.o
    0x0800027e   0x0800027e   0x00000002   PAD
    0x08000280   0x08000280   0x00000024   Code   RO            4    .text               startup_stm32f427xx.o
    0x080002a4   0x080002a4   0x00000062   Code   RO         6579    .text               mc_w.l(uldiv.o)
    0x08000306   0x08000306   0x00000024   Code   RO         6581    .text               mc_w.l(memcpya.o)
    0x0800032a   0x0800032a   0x00000024   Code   RO         6585    .text               mc_w.l(memseta.o)
    0x0800034e   0x0800034e   0x0000014e   Code   RO         6881    .text               mf_w.l(dadd.o)
    0x0800049c   0x0800049c   0x000000de   Code   RO         6885    .text               mf_w.l(ddiv.o)
    0x0800057a   0x0800057a   0x0000001a   Code   RO         6889    .text               mf_w.l(dfltui.o)
    0x08000594   0x08000594   0x00000038   Code   RO         6895    .text               mf_w.l(d2f.o)
    0x080005cc   0x080005cc   0x0000001e   Code   RO         6963    .text               mc_w.l(llshl.o)
    0x080005ea   0x080005ea   0x00000020   Code   RO         6965    .text               mc_w.l(llushr.o)
    0x0800060a   0x0800060a   0x00000024   Code   RO         6967    .text               mc_w.l(llsshr.o)
    0x0800062e   0x0800062e   0x00000000   Code   RO         6978    .text               mc_w.l(iusefp.o)
    0x0800062e   0x0800062e   0x0000006e   Code   RO         6979    .text               mf_w.l(fepilogue.o)
    0x0800069c   0x0800069c   0x000000ba   Code   RO         6981    .text               mf_w.l(depilogue.o)
    0x08000756   0x08000756   0x00000002   PAD
    0x08000758   0x08000758   0x00000024   Code   RO         6993    .text               mc_w.l(init.o)
    0x0800077c   0x0800077c   0x0000003a   Code   RO         7003    .text               mc_w.l(__dczerorl.o)
    0x080007b6   0x080007b6   0x00000002   PAD
    0x080007b8   0x080007b8   0x00000054   Code   RO         5170    i.BSP_CAN_Init      bsp_can.o
    0x0800080c   0x0800080c   0x00000040   Code   RO         5123    i.BSP_Init          bsp.o
    0x0800084c   0x0800084c   0x00000002   Code   RO          564    i.BusFault_Handler  stm32f4xx_it.o
    0x0800084e   0x0800084e   0x00000002   PAD
    0x08000850   0x08000850   0x0000000c   Code   RO          565    i.CAN1_RX0_IRQHandler  stm32f4xx_it.o
    0x0800085c   0x0800085c   0x0000000c   Code   RO          566    i.CAN2_RX0_IRQHandler  stm32f4xx_it.o
    0x08000868   0x08000868   0x0000001c   Code   RO         5860    i.CAN_GET_Remote    motor_use_can.o
    0x08000884   0x08000884   0x0000007c   Code   RO         6485    i.Chassis_Control_Task  chassis_control_task.o
    0x08000900   0x08000900   0x00000054   Code   RO         5864    i.Chassis_Motor_Drive  motor_use_can.o
    0x08000954   0x08000954   0x0000002c   Code   RO         6486    i.Chassis_Motor_PID_Init  chassis_control_task.o
    0x08000980   0x08000980   0x0000000c   Code   RO          567    i.DMA1_Stream3_IRQHandler  stm32f4xx_it.o
    0x0800098c   0x0800098c   0x0000000c   Code   RO          568    i.DMA2_Stream1_IRQHandler  stm32f4xx_it.o
    0x08000998   0x08000998   0x0000000c   Code   RO          569    i.DMA2_Stream2_IRQHandler  stm32f4xx_it.o
    0x080009a4   0x080009a4   0x00000028   Code   RO         1533    i.DMA_CalcBaseAndBitshift  stm32f4xx_hal_dma.o
    0x080009cc   0x080009cc   0x00000054   Code   RO         1534    i.DMA_CheckFifoParam  stm32f4xx_hal_dma.o
    0x08000a20   0x08000a20   0x00000028   Code   RO         1535    i.DMA_SetConfig     stm32f4xx_hal_dma.o
    0x08000a48   0x08000a48   0x00000090   Code   RO         6163    i.DR16_UART_IRQHandler  remote_control.o
    0x08000ad8   0x08000ad8   0x00000002   Code   RO          570    i.DebugMon_Handler  stm32f4xx_it.o
    0x08000ada   0x08000ada   0x00000002   PAD
    0x08000adc   0x08000adc   0x00000048   Code   RO         5683    i.Device_OffLine_Check  offline_check.o
    0x08000b24   0x08000b24   0x00000006   Code   RO          571    i.EXTI9_5_IRQHandler  stm32f4xx_it.o
    0x08000b2a   0x08000b2a   0x00000002   PAD
    0x08000b2c   0x08000b2c   0x0000000c   Code   RO         5644    i.Encoder_Mini512_TIM_Init  encoder.o
    0x08000b38   0x08000b38   0x00000002   Code   RO           13    i.Error_Handler     main.o
    0x08000b3a   0x08000b3a   0x00000002   PAD
    0x08000b3c   0x08000b3c   0x000000d4   Code   RO         6307    i.Friction_Drive_Task  shoot_task.o
    0x08000c10   0x08000c10   0x0000002c   Code   RO         5414    i.Get_CRC16_Check_Sum  crc.o
    0x08000c3c   0x08000c3c   0x0000001c   Code   RO         5415    i.Get_CRC8_Check_Sum  crc.o
    0x08000c58   0x08000c58   0x0000003c   Code   RO         5865    i.Get_Moto_Measure_2006  motor_use_can.o
    0x08000c94   0x08000c94   0x00000040   Code   RO         5866    i.Get_Moto_Measure_3508  motor_use_can.o
    0x08000cd4   0x08000cd4   0x00000040   Code   RO         5867    i.Get_Moto_Measure_6020  motor_use_can.o
    0x08000d14   0x08000d14   0x0000000a   Code   RO         5869    i.Get_Moto_Offset   motor_use_can.o
    0x08000d1e   0x08000d1e   0x00000002   PAD
    0x08000d20   0x08000d20   0x0000004c   Code   RO         5739    i.Get_System_Timer  offline_check.o
    0x08000d6c   0x08000d6c   0x0000000c   Code   RO         5645    i.Get_TIM_COUNTER   encoder.o
    0x08000d78   0x08000d78   0x00000074   Code   RO         6451    i.Gimbal_Control_Task  gimbal_control_task.o
    0x08000dec   0x08000dec   0x00000050   Code   RO         5872    i.Gimbal_Motor_Drive  motor_use_can.o
    0x08000e3c   0x08000e3c   0x00000028   Code   RO         6452    i.Gimbal_Motor_PID_Init  gimbal_control_task.o
    0x08000e64   0x08000e64   0x00000024   Code   RO          789    i.HAL_CAN_ActivateNotification  stm32f4xx_hal_can.o
    0x08000e88   0x08000e88   0x000000c8   Code   RO          790    i.HAL_CAN_AddTxMessage  stm32f4xx_hal_can.o
    0x08000f50   0x08000f50   0x0000010c   Code   RO          791    i.HAL_CAN_ConfigFilter  stm32f4xx_hal_can.o
    0x0800105c   0x0800105c   0x00000002   Code   RO          794    i.HAL_CAN_ErrorCallback  stm32f4xx_hal_can.o
    0x0800105e   0x0800105e   0x000000e8   Code   RO          797    i.HAL_CAN_GetRxMessage  stm32f4xx_hal_can.o
    0x08001146   0x08001146   0x000001fc   Code   RO          801    i.HAL_CAN_IRQHandler  stm32f4xx_hal_can.o
    0x08001342   0x08001342   0x0000011a   Code   RO          802    i.HAL_CAN_Init      stm32f4xx_hal_can.o
    0x0800145c   0x0800145c   0x000000fc   Code   RO          265    i.HAL_CAN_MspInit   can.o
    0x08001558   0x08001558   0x00000002   Code   RO          809    i.HAL_CAN_RxFifo0FullCallback  stm32f4xx_hal_can.o
    0x0800155a   0x0800155a   0x00000002   PAD
    0x0800155c   0x0800155c   0x00000158   Code   RO         5873    i.HAL_CAN_RxFifo0MsgPendingCallback  motor_use_can.o
    0x080016b4   0x080016b4   0x00000002   Code   RO          811    i.HAL_CAN_RxFifo1FullCallback  stm32f4xx_hal_can.o
    0x080016b6   0x080016b6   0x00000002   Code   RO          812    i.HAL_CAN_RxFifo1MsgPendingCallback  stm32f4xx_hal_can.o
    0x080016b8   0x080016b8   0x00000002   Code   RO          813    i.HAL_CAN_SleepCallback  stm32f4xx_hal_can.o
    0x080016ba   0x080016ba   0x00000002   PAD
    0x080016bc   0x080016bc   0x00000058   Code   RO          814    i.HAL_CAN_Start     stm32f4xx_hal_can.o
    0x08001714   0x08001714   0x00000002   Code   RO          816    i.HAL_CAN_TxMailbox0AbortCallback  stm32f4xx_hal_can.o
    0x08001716   0x08001716   0x00000002   Code   RO          817    i.HAL_CAN_TxMailbox0CompleteCallback  stm32f4xx_hal_can.o
    0x08001718   0x08001718   0x00000002   Code   RO          818    i.HAL_CAN_TxMailbox1AbortCallback  stm32f4xx_hal_can.o
    0x0800171a   0x0800171a   0x00000002   Code   RO          819    i.HAL_CAN_TxMailbox1CompleteCallback  stm32f4xx_hal_can.o
    0x0800171c   0x0800171c   0x00000002   Code   RO          820    i.HAL_CAN_TxMailbox2AbortCallback  stm32f4xx_hal_can.o
    0x0800171e   0x0800171e   0x00000002   Code   RO          821    i.HAL_CAN_TxMailbox2CompleteCallback  stm32f4xx_hal_can.o
    0x08001720   0x08001720   0x00000002   Code   RO          823    i.HAL_CAN_WakeUpFromRxMsgCallback  stm32f4xx_hal_can.o
    0x08001722   0x08001722   0x00000024   Code   RO         1537    i.HAL_DMA_Abort_IT  stm32f4xx_hal_dma.o
    0x08001746   0x08001746   0x00000002   PAD
    0x08001748   0x08001748   0x000001a0   Code   RO         1541    i.HAL_DMA_IRQHandler  stm32f4xx_hal_dma.o
    0x080018e8   0x080018e8   0x000000d4   Code   RO         1542    i.HAL_DMA_Init      stm32f4xx_hal_dma.o
    0x080019bc   0x080019bc   0x00000046   Code   RO         1545    i.HAL_DMA_Start     stm32f4xx_hal_dma.o
    0x08001a02   0x08001a02   0x0000006e   Code   RO         1546    i.HAL_DMA_Start_IT  stm32f4xx_hal_dma.o
    0x08001a70   0x08001a70   0x00000024   Code   RO         1973    i.HAL_Delay         stm32f4xx_hal.o
    0x08001a94   0x08001a94   0x00000040   Code   RO         5646    i.HAL_GPIO_EXTI_Callback  encoder.o
    0x08001ad4   0x08001ad4   0x00000018   Code   RO         1428    i.HAL_GPIO_EXTI_IRQHandler  stm32f4xx_hal_gpio.o
    0x08001aec   0x08001aec   0x000001d4   Code   RO         1429    i.HAL_GPIO_Init     stm32f4xx_hal_gpio.o
    0x08001cc0   0x08001cc0   0x0000000a   Code   RO         1431    i.HAL_GPIO_ReadPin  stm32f4xx_hal_gpio.o
    0x08001cca   0x08001cca   0x0000000e   Code   RO         1432    i.HAL_GPIO_TogglePin  stm32f4xx_hal_gpio.o
    0x08001cd8   0x08001cd8   0x0000000a   Code   RO         1433    i.HAL_GPIO_WritePin  stm32f4xx_hal_gpio.o
    0x08001ce2   0x08001ce2   0x00000002   PAD
    0x08001ce4   0x08001ce4   0x0000000c   Code   RO         1981    i.HAL_GetTick       stm32f4xx_hal.o
    0x08001cf0   0x08001cf0   0x00000010   Code   RO         1987    i.HAL_IncTick       stm32f4xx_hal.o
    0x08001d00   0x08001d00   0x00000034   Code   RO         1988    i.HAL_Init          stm32f4xx_hal.o
    0x08001d34   0x08001d34   0x00000074   Code   RO          749    i.HAL_InitTick      stm32f4xx_hal_timebase_tim.o
    0x08001da8   0x08001da8   0x00000038   Code   RO          725    i.HAL_MspInit       stm32f4xx_hal_msp.o
    0x08001de0   0x08001de0   0x0000001a   Code   RO         1836    i.HAL_NVIC_EnableIRQ  stm32f4xx_hal_cortex.o
    0x08001dfa   0x08001dfa   0x00000002   PAD
    0x08001dfc   0x08001dfc   0x00000040   Code   RO         1842    i.HAL_NVIC_SetPriority  stm32f4xx_hal_cortex.o
    0x08001e3c   0x08001e3c   0x00000024   Code   RO         1843    i.HAL_NVIC_SetPriorityGrouping  stm32f4xx_hal_cortex.o
    0x08001e60   0x08001e60   0x00000134   Code   RO         1023    i.HAL_RCC_ClockConfig  stm32f4xx_hal_rcc.o
    0x08001f94   0x08001f94   0x00000040   Code   RO         1027    i.HAL_RCC_GetClockConfig  stm32f4xx_hal_rcc.o
    0x08001fd4   0x08001fd4   0x00000020   Code   RO         1030    i.HAL_RCC_GetPCLK1Freq  stm32f4xx_hal_rcc.o
    0x08001ff4   0x08001ff4   0x00000020   Code   RO         1031    i.HAL_RCC_GetPCLK2Freq  stm32f4xx_hal_rcc.o
    0x08002014   0x08002014   0x00000064   Code   RO         1032    i.HAL_RCC_GetSysClockFreq  stm32f4xx_hal_rcc.o
    0x08002078   0x08002078   0x0000035c   Code   RO         1035    i.HAL_RCC_OscConfig  stm32f4xx_hal_rcc.o
    0x080023d4   0x080023d4   0x00000080   Code   RO         2247    i.HAL_SPI_Init      stm32f4xx_hal_spi.o
    0x08002454   0x08002454   0x0000006c   Code   RO          391    i.HAL_SPI_MspInit   spi.o
    0x080024c0   0x080024c0   0x000001e2   Code   RO         2256    i.HAL_SPI_TransmitReceive  stm32f4xx_hal_spi.o
    0x080026a2   0x080026a2   0x00000002   Code   RO         3235    i.HAL_TIMEx_BreakCallback  stm32f4xx_hal_tim_ex.o
    0x080026a4   0x080026a4   0x00000002   Code   RO         3236    i.HAL_TIMEx_CommutCallback  stm32f4xx_hal_tim_ex.o
    0x080026a6   0x080026a6   0x00000002   PAD
    0x080026a8   0x080026a8   0x00000090   Code   RO         3253    i.HAL_TIMEx_MasterConfigSynchronization  stm32f4xx_hal_tim_ex.o
    0x08002738   0x08002738   0x00000036   Code   RO         2560    i.HAL_TIM_Base_Init  stm32f4xx_hal_tim.o
    0x0800276e   0x0800276e   0x00000002   PAD
    0x08002770   0x08002770   0x000000c0   Code   RO          433    i.HAL_TIM_Base_MspInit  tim.o
    0x08002830   0x08002830   0x00000024   Code   RO         2563    i.HAL_TIM_Base_Start  stm32f4xx_hal_tim.o
    0x08002854   0x08002854   0x00000022   Code   RO         2565    i.HAL_TIM_Base_Start_IT  stm32f4xx_hal_tim.o
    0x08002876   0x08002876   0x000000d6   Code   RO         2569    i.HAL_TIM_ConfigClockSource  stm32f4xx_hal_tim.o
    0x0800294c   0x0800294c   0x00000002   Code   RO         2589    i.HAL_TIM_IC_CaptureCallback  stm32f4xx_hal_tim.o
    0x0800294e   0x0800294e   0x00000166   Code   RO         2603    i.HAL_TIM_IRQHandler  stm32f4xx_hal_tim.o
    0x08002ab4   0x08002ab4   0x000000a8   Code   RO          434    i.HAL_TIM_MspPostInit  tim.o
    0x08002b5c   0x08002b5c   0x00000002   Code   RO         2606    i.HAL_TIM_OC_DelayElapsedCallback  stm32f4xx_hal_tim.o
    0x08002b5e   0x08002b5e   0x000000d0   Code   RO         2627    i.HAL_TIM_PWM_ConfigChannel  stm32f4xx_hal_tim.o
    0x08002c2e   0x08002c2e   0x00000036   Code   RO         2630    i.HAL_TIM_PWM_Init  stm32f4xx_hal_tim.o
    0x08002c64   0x08002c64   0x00000002   Code   RO         2632    i.HAL_TIM_PWM_MspInit  stm32f4xx_hal_tim.o
    0x08002c66   0x08002c66   0x00000002   Code   RO         2633    i.HAL_TIM_PWM_PulseFinishedCallback  stm32f4xx_hal_tim.o
    0x08002c68   0x08002c68   0x00000044   Code   RO         2635    i.HAL_TIM_PWM_Start  stm32f4xx_hal_tim.o
    0x08002cac   0x08002cac   0x0000005c   Code   RO         2638    i.HAL_TIM_PWM_Stop  stm32f4xx_hal_tim.o
    0x08002d08   0x08002d08   0x00000020   Code   RO         5684    i.HAL_TIM_PeriodElapsedCallback  offline_check.o
    0x08002d28   0x08002d28   0x00000002   Code   RO         2646    i.HAL_TIM_TriggerCallback  stm32f4xx_hal_tim.o
    0x08002d2a   0x08002d2a   0x00000002   Code   RO         3507    i.HAL_UART_ErrorCallback  stm32f4xx_hal_uart.o
    0x08002d2c   0x08002d2c   0x00000114   Code   RO         3510    i.HAL_UART_IRQHandler  stm32f4xx_hal_uart.o
    0x08002e40   0x08002e40   0x00000014   Code   RO         5194    i.HAL_UART_IT_Init  bsp_usart.o
    0x08002e54   0x08002e54   0x00000062   Code   RO         3511    i.HAL_UART_Init     stm32f4xx_hal_uart.o
    0x08002eb6   0x08002eb6   0x00000002   PAD
    0x08002eb8   0x08002eb8   0x0000027c   Code   RO          499    i.HAL_UART_MspInit  usart.o
    0x08003134   0x08003134   0x00000098   Code   RO         3515    i.HAL_UART_Receive_DMA  stm32f4xx_hal_uart.o
    0x080031cc   0x080031cc   0x00000002   Code   RO         3517    i.HAL_UART_RxCpltCallback  stm32f4xx_hal_uart.o
    0x080031ce   0x080031ce   0x00000002   Code   RO         3518    i.HAL_UART_RxHalfCpltCallback  stm32f4xx_hal_uart.o
    0x080031d0   0x080031d0   0x000000ba   Code   RO         3519    i.HAL_UART_Transmit  stm32f4xx_hal_uart.o
    0x0800328a   0x0800328a   0x00000002   Code   RO         3522    i.HAL_UART_TxCpltCallback  stm32f4xx_hal_uart.o
    0x0800328c   0x0800328c   0x00000002   Code   RO          572    i.HardFault_Handler  stm32f4xx_it.o
    0x0800328e   0x0800328e   0x00000100   Code   RO         5517    i.IST8310_Init      imu.o
    0x0800338e   0x0800338e   0x00000038   Code   RO         5518    i.IST_Reg_Read_By_MPU  imu.o
    0x080033c6   0x080033c6   0x00000042   Code   RO         5519    i.IST_Reg_Write_By_MPU  imu.o
    0x08003408   0x08003408   0x00000012   Code   RO         5237    i.LPF_1st           user_lib.o
    0x0800341a   0x0800341a   0x00000002   PAD
    0x0800341c   0x0800341c   0x00000064   Code   RO         5521    i.MPU_Device_SPI_Init  imu.o
    0x08003480   0x08003480   0x0000008e   Code   RO         5523    i.MPU_Master_I2C_Auto_Read_Config  imu.o
    0x0800350e   0x0800350e   0x00000002   PAD
    0x08003510   0x08003510   0x000000a4   Code   RO         5524    i.MPU_Offset_Call   imu.o
    0x080035b4   0x080035b4   0x00000050   Code   RO         5525    i.MPU_Read_Byte     imu.o
    0x08003604   0x08003604   0x0000005c   Code   RO         5526    i.MPU_Read_Bytes    imu.o
    0x08003660   0x08003660   0x0000000a   Code   RO         5527    i.MPU_Set_Accel_FSR  imu.o
    0x0800366a   0x0800366a   0x0000000a   Code   RO         5528    i.MPU_Set_Gyro_FSR  imu.o
    0x08003674   0x08003674   0x00000054   Code   RO         5529    i.MPU_Write_Byte    imu.o
    0x080036c8   0x080036c8   0x00000044   Code   RO          266    i.MX_CAN1_Init      can.o
    0x0800370c   0x0800370c   0x00000044   Code   RO          267    i.MX_CAN2_Init      can.o
    0x08003750   0x08003750   0x0000005c   Code   RO          313    i.MX_DMA_Init       dma.o
    0x080037ac   0x080037ac   0x000000d8   Code   RO          337    i.MX_FREERTOS_Init  freertos.o
    0x08003884   0x08003884   0x00000140   Code   RO          240    i.MX_GPIO_Init      gpio.o
    0x080039c4   0x080039c4   0x00000048   Code   RO          392    i.MX_SPI5_Init      spi.o
    0x08003a0c   0x08003a0c   0x00000068   Code   RO          435    i.MX_TIM2_Init      tim.o
    0x08003a74   0x08003a74   0x00000068   Code   RO          436    i.MX_TIM3_Init      tim.o
    0x08003adc   0x08003adc   0x000000cc   Code   RO          437    i.MX_TIM4_Init      tim.o
    0x08003ba8   0x08003ba8   0x000000cc   Code   RO          438    i.MX_TIM5_Init      tim.o
    0x08003c74   0x08003c74   0x00000038   Code   RO          500    i.MX_UART7_Init     usart.o
    0x08003cac   0x08003cac   0x00000038   Code   RO          501    i.MX_UART8_Init     usart.o
    0x08003ce4   0x08003ce4   0x00000040   Code   RO          502    i.MX_USART1_UART_Init  usart.o
    0x08003d24   0x08003d24   0x00000038   Code   RO          503    i.MX_USART2_UART_Init  usart.o
    0x08003d5c   0x08003d5c   0x00000038   Code   RO          504    i.MX_USART6_UART_Init  usart.o
    0x08003d94   0x08003d94   0x00000002   Code   RO          573    i.MemManage_Handler  stm32f4xx_it.o
    0x08003d96   0x08003d96   0x00000002   Code   RO          574    i.NMI_Handler       stm32f4xx_it.o
    0x08003d98   0x08003d98   0x000000c0   Code   RO         6397    i.OffLine_Check_Task  offline_check_task.o
    0x08003e58   0x08003e58   0x0000001c   Code   RO         5685    i.Off_Line_Detect_Init  offline_check.o
    0x08003e74   0x08003e74   0x0000017c   Code   RO         5473    i.PID_Calc          pid.o
    0x08003ff0   0x08003ff0   0x00000044   Code   RO         5475    i.PID_Param_Init    pid.o
    0x08004034   0x08004034   0x00000054   Code   RO         6216    i.PID_Params_Set    pid_wireless_debug.o
    0x08004088   0x08004088   0x00000188   Code   RO         6217    i.PID_Params_Upload  pid_wireless_debug.o
    0x08004210   0x08004210   0x000000e0   Code   RO         6218    i.PID_Regulator_Decode  pid_wireless_debug.o
    0x080042f0   0x080042f0   0x000000d0   Code   RO         6219    i.PW_IRQHandler     pid_wireless_debug.o
    0x080043c0   0x080043c0   0x00000034   Code   RO         5124    i.Power_ON          bsp.o
    0x080043f4   0x080043f4   0x00000064   Code   RO         6164    i.RC_Data_Error     remote_control.o
    0x08004458   0x08004458   0x00000080   Code   RO         6165    i.RC_Restart        remote_control.o
    0x080044d8   0x080044d8   0x00000014   Code   RO         6021    i.RefereeDate_Receive_USART_Init  referee.o
    0x080044ec   0x080044ec   0x00000028   Code   RO         6370    i.Referee_Data_Task  referee_task.o
    0x08004514   0x08004514   0x000000e0   Code   RO         6022    i.Referee_To_Use    referee.o
    0x080045f4   0x080045f4   0x00000088   Code   RO         6023    i.Referee_UART_IRQHandler  referee.o
    0x0800467c   0x0800467c   0x00000018   Code   RO         5686    i.Refresh_Device_OffLine_Time  offline_check.o
    0x08004694   0x08004694   0x00000010   Code   RO         5687    i.Refresh_SysTime   offline_check.o
    0x080046a4   0x080046a4   0x00000018   Code   RO         5688    i.Refresh_Task_OffLine_Time  offline_check.o
    0x080046bc   0x080046bc   0x00000014   Code   RO         6166    i.Remote_Control_USART_Init  remote_control.o
    0x080046d0   0x080046d0   0x00000028   Code   RO         6424    i.Remote_Data_Task  remote_control_task.o
    0x080046f8   0x080046f8   0x000000a6   Code   RO         6167    i.SBUS_To_RC        remote_control.o
    0x0800479e   0x0800479e   0x00000002   PAD
    0x080047a0   0x080047a0   0x00000210   Code   RO         6025    i.SBUS_To_Referee   referee.o
    0x080049b0   0x080049b0   0x00000058   Code   RO         2285    i.SPI_EndRxTxTransaction  stm32f4xx_hal_spi.o
    0x08004a08   0x08004a08   0x00000094   Code   RO         2290    i.SPI_WaitFlagStateUntilTimeout  stm32f4xx_hal_spi.o
    0x08004a9c   0x08004a9c   0x00000004   Code   RO         5809    i.Shoot_Firction_Motor  motor_use_tim.o
    0x08004aa0   0x08004aa0   0x00000048   Code   RO         5810    i.Shoot_Firction_Motor_PWM_Init  motor_use_tim.o
    0x08004ae8   0x08004ae8   0x00000034   Code   RO         5811    i.Shoot_Firction_Motor_Restart  motor_use_tim.o
    0x08004b1c   0x08004b1c   0x00000048   Code   RO         5812    i.Shoot_Firction_Motor_Stop  motor_use_tim.o
    0x08004b64   0x08004b64   0x00000028   Code   RO          338    i.StartDefaultTask  freertos.o
    0x08004b8c   0x08004b8c   0x0000002c   Code   RO         5044    i.SysTick_Handler   port.o
    0x08004bb8   0x08004bb8   0x00000084   Code   RO           14    i.SystemClock_Config  main.o
    0x08004c3c   0x08004c3c   0x0000001c   Code   RO         3813    i.SystemInit        system_stm32f4xx.o
    0x08004c58   0x08004c58   0x0000000c   Code   RO          575    i.TIM1_UP_TIM10_IRQHandler  stm32f4xx_it.o
    0x08004c64   0x08004c64   0x0000000c   Code   RO          576    i.TIM3_IRQHandler   stm32f4xx_it.o
    0x08004c70   0x08004c70   0x000000c8   Code   RO         2648    i.TIM_Base_SetConfig  stm32f4xx_hal_tim.o
    0x08004d38   0x08004d38   0x0000001a   Code   RO         2649    i.TIM_CCxChannelCmd  stm32f4xx_hal_tim.o
    0x08004d52   0x08004d52   0x00000002   PAD
    0x08004d54   0x08004d54   0x00000010   Code   RO         5813    i.TIM_Compare_Value_Set  motor_use_tim.o
    0x08004d64   0x08004d64   0x00000014   Code   RO         2659    i.TIM_ETR_SetConfig  stm32f4xx_hal_tim.o
    0x08004d78   0x08004d78   0x00000010   Code   RO         2660    i.TIM_ITRx_SetConfig  stm32f4xx_hal_tim.o
    0x08004d88   0x08004d88   0x00000060   Code   RO         2661    i.TIM_OC1_SetConfig  stm32f4xx_hal_tim.o
    0x08004de8   0x08004de8   0x0000006c   Code   RO         2662    i.TIM_OC2_SetConfig  stm32f4xx_hal_tim.o
    0x08004e54   0x08004e54   0x00000068   Code   RO         2663    i.TIM_OC3_SetConfig  stm32f4xx_hal_tim.o
    0x08004ebc   0x08004ebc   0x00000050   Code   RO         2664    i.TIM_OC4_SetConfig  stm32f4xx_hal_tim.o
    0x08004f0c   0x08004f0c   0x00000022   Code   RO         2666    i.TIM_TI1_ConfigInputStage  stm32f4xx_hal_tim.o
    0x08004f2e   0x08004f2e   0x00000024   Code   RO         2668    i.TIM_TI2_ConfigInputStage  stm32f4xx_hal_tim.o
    0x08004f52   0x08004f52   0x00000002   PAD
    0x08004f54   0x08004f54   0x00000048   Code   RO         5689    i.Task_OffLine_Check  offline_check.o
    0x08004f9c   0x08004f9c   0x00000018   Code   RO         6308    i.Trigger_Drive_Task  shoot_task.o
    0x08004fb4   0x08004fb4   0x00000014   Code   RO          577    i.UART7_IRQHandler  stm32f4xx_it.o
    0x08004fc8   0x08004fc8   0x0000000c   Code   RO          578    i.UART8_IRQHandler  stm32f4xx_it.o
    0x08004fd4   0x08004fd4   0x00000010   Code   RO         3524    i.UART_DMAAbortOnError  stm32f4xx_hal_uart.o
    0x08004fe4   0x08004fe4   0x0000004a   Code   RO         3525    i.UART_DMAError     stm32f4xx_hal_uart.o
    0x0800502e   0x0800502e   0x0000003c   Code   RO         3526    i.UART_DMAReceiveCplt  stm32f4xx_hal_uart.o
    0x0800506a   0x0800506a   0x0000000a   Code   RO         3528    i.UART_DMARxHalfCplt  stm32f4xx_hal_uart.o
    0x08005074   0x08005074   0x0000001c   Code   RO         3534    i.UART_EndRxTransfer  stm32f4xx_hal_uart.o
    0x08005090   0x08005090   0x00000012   Code   RO         3535    i.UART_EndTxTransfer  stm32f4xx_hal_uart.o
    0x080050a2   0x080050a2   0x00000096   Code   RO         3536    i.UART_Receive_IT   stm32f4xx_hal_uart.o
    0x08005138   0x08005138   0x00000128   Code   RO         3537    i.UART_SetConfig    stm32f4xx_hal_uart.o
    0x08005260   0x08005260   0x00000062   Code   RO         3538    i.UART_Transmit_IT  stm32f4xx_hal_uart.o
    0x080052c2   0x080052c2   0x00000064   Code   RO         3539    i.UART_WaitOnFlagUntilTimeout  stm32f4xx_hal_uart.o
    0x08005326   0x08005326   0x00000002   PAD
    0x08005328   0x08005328   0x00000014   Code   RO          579    i.USART1_IRQHandler  stm32f4xx_it.o
    0x0800533c   0x0800533c   0x00000004   Code   RO          580    i.USART2_IRQHandler  stm32f4xx_it.o
    0x08005340   0x08005340   0x00000014   Code   RO          581    i.USART6_IRQHandler  stm32f4xx_it.o
    0x08005354   0x08005354   0x00000014   Code   RO         5195    i.USER_UART_IT_Init  bsp_usart.o
    0x08005368   0x08005368   0x00000068   Code   RO         5196    i.USER_UART_Receive_DMA  bsp_usart.o
    0x080053d0   0x080053d0   0x00000002   Code   RO          582    i.UsageFault_Handler  stm32f4xx_it.o
    0x080053d2   0x080053d2   0x00000002   PAD
    0x080053d4   0x080053d4   0x0000003c   Code   RO         5416    i.Verify_CRC16_Check_Sum  crc.o
    0x08005410   0x08005410   0x00000026   Code   RO         5417    i.Verify_CRC8_Check_Sum  crc.o
    0x08005436   0x08005436   0x00000002   PAD
    0x08005438   0x08005438   0x00000014   Code   RO         5977    i.VisionDate_Receive_USART_Init  vision.o
    0x0800544c   0x0800544c   0x00000026   Code   RO         6343    i.Vision_Data_Task  vision_task.o
    0x08005472   0x08005472   0x00000002   PAD
    0x08005474   0x08005474   0x000000b4   Code   RO         5978    i.Vision_UART_IRQHandler  vision.o
    0x08005528   0x08005528   0x00000014   Code   RO         6220    i.Wireless_Debug_USART_Init  pid_wireless_debug.o
    0x0800553c   0x0800553c   0x00000020   Code   RO         1849    i.__NVIC_SetPriority  stm32f4xx_hal_cortex.o
    0x0800555c   0x0800555c   0x0000000e   Code   RO         6997    i.__scatterload_copy  mc_w.l(handlers.o)
    0x0800556a   0x0800556a   0x00000002   Code   RO         6998    i.__scatterload_null  mc_w.l(handlers.o)
    0x0800556c   0x0800556c   0x0000000e   Code   RO         6999    i.__scatterload_zeroinit  mc_w.l(handlers.o)
    0x0800557a   0x0800557a   0x00000022   Code   RO         5244    i.abs_limit         user_lib.o
    0x0800559c   0x0800559c   0x00000056   Code   RO           15    i.main              main.o
    0x080055f2   0x080055f2   0x0000000c   Code   RO         4615    i.makeFreeRtosPriority  cmsis_os.o
    0x080055fe   0x080055fe   0x0000000e   Code   RO         4617    i.osDelay           cmsis_os.o
    0x0800560c   0x0800560c   0x0000000e   Code   RO         4618    i.osDelayUntil      cmsis_os.o
    0x0800561a   0x0800561a   0x0000000a   Code   RO         4620    i.osKernelStart     cmsis_os.o
    0x08005624   0x08005624   0x00000054   Code   RO         4654    i.osThreadCreate    cmsis_os.o
    0x08005678   0x08005678   0x00000070   Code   RO         4306    i.prvAddCurrentTaskToDelayedList  tasks.o
    0x080056e8   0x080056e8   0x000000d0   Code   RO         4307    i.prvAddNewTaskToReadyList  tasks.o
    0x080057b8   0x080057b8   0x00000034   Code   RO         4308    i.prvDeleteTCB      tasks.o
    0x080057ec   0x080057ec   0x0000004c   Code   RO         4982    i.prvHeapInit       heap_4.o
    0x08005838   0x08005838   0x00000060   Code   RO         4309    i.prvIdleTask       tasks.o
    0x08005898   0x08005898   0x0000008e   Code   RO         4310    i.prvInitialiseNewTask  tasks.o
    0x08005926   0x08005926   0x00000002   PAD
    0x08005928   0x08005928   0x0000004c   Code   RO         4983    i.prvInsertBlockIntoFreeList  heap_4.o
    0x08005974   0x08005974   0x00000020   Code   RO         4311    i.prvResetNextTaskUnblockTime  tasks.o
    0x08005994   0x08005994   0x00000028   Code   RO         5045    i.prvTaskExitError  port.o
    0x080059bc   0x080059bc   0x000000d8   Code   RO         4984    i.pvPortMalloc      heap_4.o
    0x08005a94   0x08005a94   0x0000002c   Code   RO         5046    i.pxPortInitialiseStack  port.o
    0x08005ac0   0x08005ac0   0x00000050   Code   RO         5253    i.ramp_calc         user_lib.o
    0x08005b10   0x08005b10   0x0000001a   Code   RO         5254    i.ramp_init         user_lib.o
    0x08005b2a   0x08005b2a   0x00000002   PAD
    0x08005b2c   0x08005b2c   0x00000068   Code   RO         4314    i.ulTaskNotifyTake  tasks.o
    0x08005b94   0x08005b94   0x00000026   Code   RO         3951    i.uxListRemove      list.o
    0x08005bba   0x08005bba   0x00000002   PAD
    0x08005bbc   0x08005bbc   0x00000014   Code   RO          339    i.vApplicationGetIdleTaskMemory  freertos.o
    0x08005bd0   0x08005bd0   0x00000016   Code   RO         3952    i.vListInitialise   list.o
    0x08005be6   0x08005be6   0x00000006   Code   RO         3953    i.vListInitialiseItem  list.o
    0x08005bec   0x08005bec   0x00000030   Code   RO         3954    i.vListInsert       list.o
    0x08005c1c   0x08005c1c   0x00000018   Code   RO         3955    i.vListInsertEnd    list.o
    0x08005c34   0x08005c34   0x00000040   Code   RO         5048    i.vPortEnterCritical  port.o
    0x08005c74   0x08005c74   0x00000028   Code   RO         5049    i.vPortExitCritical  port.o
    0x08005c9c   0x08005c9c   0x0000005c   Code   RO         4985    i.vPortFree         heap_4.o
    0x08005cf8   0x08005cf8   0x00000024   Code   RO         5050    i.vPortSetupTimerInterrupt  port.o
    0x08005d1c   0x08005d1c   0x00000054   Code   RO         5051    i.vPortValidateInterruptPriority  port.o
    0x08005d70   0x08005d70   0x0000004c   Code   RO         4319    i.vTaskDelay        tasks.o
    0x08005dbc   0x08005dbc   0x0000008c   Code   RO         4320    i.vTaskDelayUntil   tasks.o
    0x08005e48   0x08005e48   0x000000b8   Code   RO         4325    i.vTaskNotifyGiveFromISR  tasks.o
    0x08005f00   0x08005f00   0x0000006c   Code   RO         4333    i.vTaskStartScheduler  tasks.o
    0x08005f6c   0x08005f6c   0x00000010   Code   RO         4335    i.vTaskSuspendAll   tasks.o
    0x08005f7c   0x08005f7c   0x0000005c   Code   RO         4336    i.vTaskSwitchContext  tasks.o
    0x08005fd8   0x08005fd8   0x000000f4   Code   RO         5052    i.xPortStartScheduler  port.o
    0x080060cc   0x080060cc   0x0000005a   Code   RO         4338    i.xTaskCreate       tasks.o
    0x08006126   0x08006126   0x00000056   Code   RO         4339    i.xTaskCreateStatic  tasks.o
    0x0800617c   0x0800617c   0x0000000c   Code   RO         4344    i.xTaskGetTickCount  tasks.o
    0x08006188   0x08006188   0x000000c8   Code   RO         4346    i.xTaskIncrementTick  tasks.o
    0x08006250   0x08006250   0x000000c4   Code   RO         4352    i.xTaskResumeAll    tasks.o
    0x08006314   0x08006314   0x000000fc   Data   RO          341    .constdata          freertos.o
    0x08006410   0x08006410   0x00000008   Data   RO         1548    .constdata          stm32f4xx_hal_dma.o
    0x08006418   0x08006418   0x00000010   Data   RO         3814    .constdata          system_stm32f4xx.o
    0x08006428   0x08006428   0x00000008   Data   RO         3815    .constdata          system_stm32f4xx.o
    0x08006430   0x08006430   0x00000300   Data   RO         5419    .constdata          crc.o
    0x08006730   0x08006730   0x00000014   Data   RO         5533    .constdata          imu.o
    0x08006744   0x08006744   0x000000a0   Data   RO          342    .conststring        freertos.o
    0x080067e4   0x080067e4   0x00000020   Data   RO         6995    Region$$Table       anon$$obj.o


    Execution Region RW_IRAM1 (Exec base: 0x20000000, Load base: 0x08006804, Size: 0x000053f0, Max: 0x00030000, ABSOLUTE, COMPRESSED[0x0000001c])

    Exec Addr    Load Addr    Size         Type   Attr      Idx    E Section Name        Object

    0x20000000   COMPRESSED   0x00000004   Data   RW          269    .data               can.o
    0x20000004   COMPRESSED   0x00000024   Data   RW          343    .data               freertos.o
    0x20000028   COMPRESSED   0x0000000c   Data   RW         1995    .data               stm32f4xx_hal.o
    0x20000034   COMPRESSED   0x00000004   Data   RW         3816    .data               system_stm32f4xx.o
    0x20000038   COMPRESSED   0x0000003c   Data   RW         4355    .data               tasks.o
    0x20000074   COMPRESSED   0x00000018   Data   RW         4990    .data               heap_4.o
    0x2000008c   COMPRESSED   0x0000000c   Data   RW         5053    .data               port.o
    0x20000098   COMPRESSED   0x00000002   Data   RW         5420    .data               crc.o
    0x2000009a   COMPRESSED   0x00000002   PAD
    0x2000009c   COMPRESSED   0x00000060   Data   RW         5534    .data               imu.o
    0x200000fc   COMPRESSED   0x00000004   Data   RW         5980    .data               vision.o
    0x20000100   COMPRESSED   0x00000010   Data   RW         6027    .data               referee.o
    0x20000110   COMPRESSED   0x00000004   Data   RW         6169    .data               remote_control.o
    0x20000114   COMPRESSED   0x00000006   Data   RW         6223    .data               pid_wireless_debug.o
    0x2000011a   COMPRESSED   0x00000002   PAD
    0x2000011c   COMPRESSED   0x00000008   Data   RW         6453    .data               gimbal_control_task.o
    0x20000124   COMPRESSED   0x0000000c   Data   RW         6487    .data               chassis_control_task.o
    0x20000130        -       0x00000050   Zero   RW          268    .bss                can.o
    0x20000180        -       0x00000254   Zero   RW          340    .bss                freertos.o
    0x200003d4        -       0x00000058   Zero   RW          393    .bss                spi.o
    0x2000042c        -       0x00000100   Zero   RW          439    .bss                tim.o
    0x2000052c        -       0x00000260   Zero   RW          505    .bss                usart.o
    0x2000078c        -       0x00000040   Zero   RW          752    .bss                stm32f4xx_hal_timebase_tim.o
    0x200007cc        -       0x000000f0   Zero   RW         4354    .bss                tasks.o
    0x200008bc        -       0x00003c00   Zero   RW         4989    .bss                heap_4.o
    0x200044bc        -       0x00000348   Zero   RW         5476    .bss                pid.o
    0x20004804        -       0x00000062   Zero   RW         5532    .bss                imu.o
    0x20004866   COMPRESSED   0x00000002   PAD
    0x20004868        -       0x0000004c   Zero   RW         5690    .bss                offline_check.o
    0x200048b4        -       0x00000184   Zero   RW         5875    .bss                motor_use_can.o
    0x20004a38        -       0x0000001e   Zero   RW         5979    .bss                vision.o
    0x20004a56   COMPRESSED   0x00000002   PAD
    0x20004a58        -       0x00000444   Zero   RW         6026    .bss                referee.o
    0x20004e9c        -       0x00000038   Zero   RW         6168    .bss                remote_control.o
    0x20004ed4        -       0x000000f4   Zero   RW         6221    .bss                pid_wireless_debug.o
    0x20004fc8        -       0x00000028   Zero   RW         6309    .bss                shoot_task.o
    0x20004ff0        -       0x00000400   Zero   RW            1    STACK               startup_stm32f427xx.o


==============================================================================

Image component sizes


      Code (inc. data)   RO Data    RW Data    ZI Data      Debug   Object Name

       116         14          0          0          0       1078   bsp.o
        84          8          0          0          0       1035   bsp_can.o
       144          0          0          0          0       2511   bsp_usart.o
       388         40          0          4         80       2646   can.o
       168         36          0         12          0       2090   chassis_control_task.o
       134          0          0          0          0      23484   cmsis_os.o
       170         16        768          2          0       3931   crc.o
        92          4          0          0          0        894   dma.o
        88         18          0          0          0       1738   encoder.o
         0          0          0          0          0      18264   event_groups.o
       276         18        412         36        596       3633   freertos.o
       156         32          0          8          0       1850   gimbal_control_task.o
       320         24          0          0          0       1223   gpio.o
       460         24          0         24      15360       7555   heap_4.o
      1060         50         20         96         98       9892   imu.o
       138          0          0          0          0       3746   list.o
       220          8          0          0          0     787028   main.o
       734         32          0          0        388      12097   motor_use_can.o
       216         22          0          0          0       3568   motor_use_tim.o
       344         60          0          0         76       6967   offline_check.o
       192          8          0          0          0        741   offline_check_task.o
       448         14          0          0        840       3380   pid.o
       928         44          0          6        244       6515   pid_wireless_debug.o
       786         82          0         12          0      12341   port.o
       908         54          0         16       1092      19933   referee.o
        40          0          0          0          0        624   referee_task.o
       558         48          0          4         56       4881   remote_control.o
        40          0          0          0          0        635   remote_control_task.o
       236         34          0          0         40       1975   shoot_task.o
       180         24          0          0         88       1821   spi.o
        36          8        428          0       1024        864   startup_stm32f427xx.o
       116         18          0         12          0       9102   stm32f4xx_hal.o
      1638          6          0          0          0      14943   stm32f4xx_hal_can.o
       158         14          0          0          0      33326   stm32f4xx_hal_cortex.o
      1008         16          8          0          0       7630   stm32f4xx_hal_dma.o
       526         60          0          0          0       4527   stm32f4xx_hal_gpio.o
        56          4          0          0          0        934   stm32f4xx_hal_msp.o
      1396         92          0          0          0       6125   stm32f4xx_hal_rcc.o
       846          8          0          0          0       4905   stm32f4xx_hal_spi.o
      1848         98          0          0          0      18710   stm32f4xx_hal_tim.o
       148         28          0          0          0       2593   stm32f4xx_hal_tim_ex.o
       116         16          0          0         64       1523   stm32f4xx_hal_timebase_tim.o
      1570         30          0          0          0      13984   stm32f4xx_hal_uart.o
       178         60          0          0          0      10481   stm32f4xx_it.o
         0          0          0          0          0        384   stream_buffer.o
        28          6         24          4          0       1259   system_stm32f4xx.o
      1946        142          0         60        240      21008   tasks.o
       976         80          0          0        256       5151   tim.o
       924         98          0          0        608       5018   usart.o
       158          0          0          0          0       3939   user_lib.o
       200         30          0          4         30       2757   vision.o
        38          0          0          0          0        619   vision_task.o

    ----------------------------------------------------------------------
     23586       1528       1692        304      21184    1117858   Object Totals
         0          0         32          0          0          0   (incl. Generated)
        52          0          0          4          4          0   (incl. Padding)

    ----------------------------------------------------------------------

      Code (inc. data)   RO Data    RW Data    ZI Data      Debug   Library Member Name

        58          0          0          0          0          0   __dczerorl.o
         0          0          0          0          0          0   entry.o
         0          0          0          0          0          0   entry10a.o
         0          0          0          0          0          0   entry11a.o
         8          4          0          0          0          0   entry2.o
         4          0          0          0          0          0   entry5.o
         0          0          0          0          0          0   entry7b.o
         0          0          0          0          0          0   entry8b.o
         8          4          0          0          0          0   entry9a.o
        30          0          0          0          0          0   handlers.o
        36          8          0          0          0         68   init.o
         0          0          0          0          0          0   iusefp.o
        30          0          0          0          0         68   llshl.o
        36          0          0          0          0         68   llsshr.o
        32          0          0          0          0         68   llushr.o
        36          0          0          0          0         68   memcpya.o
        36          0          0          0          0        108   memseta.o
        98          0          0          0          0         92   uldiv.o
        56          0          0          0          0         88   d2f.o
       334          0          0          0          0        148   dadd.o
       222          0          0          0          0        100   ddiv.o
       186          0          0          0          0        176   depilogue.o
        26          0          0          0          0         76   dfltui.o
       110          0          0          0          0        168   fepilogue.o

    ----------------------------------------------------------------------
      1350         16          0          0          0       1296   Library Totals
         4          0          0          0          0          0   (incl. Padding)

    ----------------------------------------------------------------------

      Code (inc. data)   RO Data    RW Data    ZI Data      Debug   Library Name

       412         16          0          0          0        540   mc_w.l
       934          0          0          0          0        756   mf_w.l

    ----------------------------------------------------------------------
      1350         16          0          0          0       1296   Library Totals

    ----------------------------------------------------------------------

==============================================================================


      Code (inc. data)   RO Data    RW Data    ZI Data      Debug   

     24936       1544       1692        304      21184    1094266   Grand Totals
     24936       1544       1692         28      21184    1094266   ELF Image Totals (compressed)
     24936       1544       1692         28          0          0   ROM Totals

==============================================================================

    Total RO  Size (Code + RO Data)                26628 (  26.00kB)
    Total RW  Size (RW Data + ZI Data)             21488 (  20.98kB)
    Total ROM Size (Code + RO Data + RW Data)      26656 (  26.03kB)

==============================================================================

